Microchip MPLAB XC8 Compiler V2.46

Linker command line:

-W-3 \
  --edf=C:\Program Files\Microchip\xc8\v2.46\pic\dat\20240104201356_en.msgs \
  -cn -h+dist/default/production\Lidar2.X.production.sym \
  --cmf=dist/default/production\Lidar2.X.production.cmf -z -Q18F47K42 \
  -oC:\Users\Tyler\AppData\Local\Temp\xcAsbqs.\driver_tmp_3.o \
  --defsym=__MPLAB_BUILD=1 --fixupoverflow=error \
  -Mdist/default/production/Lidar2.X.production.map \
  --md=C:\Users\Tyler\AppData\Local\Temp\xcAsbqs.\driver_tmp_0.dat -E1 \
  -ver=XC8 Compiler --acfsm=1493 -ACODE=00h-01FFFFh -ACONST=00h-01FFFFh \
  -ASMALLCONST=02000h-020FFhx480 \
  -AMEDIUMCONST=02000h-0FFFFh,012000h-01FFFFh -ACOMRAM=01h-05Fh \
  -AABS1=00h-01FFFh -ABIGRAM=01h-01FFFh -ARAM=060h-0FFh,0100h-01FFhx31 \
  -ABANK0=060h-0FFh -ABANK1=0100h-01FFh -ABANK2=0200h-02FFh \
  -ABANK3=0300h-03FFh -ABANK4=0400h-04FFh -ABANK5=0500h-05FFh \
  -ABANK6=0600h-06FFh -ABANK7=0700h-07FFh -ABANK8=0800h-08FFh \
  -ABANK9=0900h-09FFh -ABANK10=0A00h-0AFFh -ABANK11=0B00h-0BFFh \
  -ABANK12=0C00h-0CFFh -ABANK13=0D00h-0DFFh -ABANK14=0E00h-0EFFh \
  -ABANK15=0F00h-0FFFh -ABANK16=01000h-010FFh -ABANK17=01100h-011FFh \
  -ABANK18=01200h-012FFh -ABANK19=01300h-013FFh -ABANK20=01400h-014FFh \
  -ABANK21=01500h-015FFh -ABANK22=01600h-016FFh -ABANK23=01700h-017FFh \
  -ABANK24=01800h-018FFh -ABANK25=01900h-019FFh -ABANK26=01A00h-01AFFh \
  -ABANK27=01B00h-01BFFh -ABANK28=01C00h-01CFFh -ABANK29=01D00h-01DFFh \
  -ABANK30=01E00h-01EFFh -ABANK31=01F00h-01FFFh \
  -ASFR=03800h-038FFhx7,03F00h-03F5Fh,03F60h-03FFFh -ABIGSFR=03800h-03FFFh \
  -ACONFIG=0300000h-0300009h -AIDLOC=0200000h-020000Fh \
  -AEEDATA=0310000h-03103FFh -peeprom_data=EEDATA -preset_vec=00h \
  -ppowerup=CODE,init -pramtop=02000h -psmallconst=SMALLCONST \
  -pmediumconst=MEDIUMCONST -pconst=CONST -AFARRAM=00h-00h \
  -prdata=COMRAM,nvrram=COMRAM,nvbit=COMRAM,rbss=COMRAM,rbit=COMRAM \
  -pfarbss=FARRAM,fardata=FARRAM,nvFARRAM=FARRAM \
  -pintsave_regs=BIGRAM,bigbss=BIGRAM,bigdata=BIGRAM -pbss=RAM \
  -pidata=CODE,irdata=CODE,ibigdata=CODE,ifardata=CODE -prparam=COMRAM \
  C:\Users\Tyler\AppData\Local\Temp\xcAsbqs.\driver_tmp_14.o \
  dist/default/production\Lidar2.X.production.o 

Object code version is 3.11

Machine type is 18F47K42



                Name                               Link     Load   Length Selector   Space Scale
C:\Users\Tyler\AppData\Local\Temp\xcAsbqs.\driver_tmp_14.o
                config                           300000   300000        A        0       4
                init                              1FFFC    1FFFC        4     FFFE       0
                reset_vec                             0        0        4        0       0
dist/default/production\Lidar2.X.production.o
                config                           300000   300000        A        0       4
                smallconst                         2000     2000       BA     1000       0
                text44                             2CC8     2CC8       4A     105D       0
                text43                             301C     301C       1E     105D       0
                text42                             2E92     2E92       2E     105D       0
                text41                             3054     3054       18     105D       0
                text40                             30CA     30CA        E     105D       0
                text39                             30BC     30BC        E     105D       0
                text38                             30AE     30AE        E     105D       0
                text37                             2DA2     2DA2       46     105D       0
                text36                             2632     2632       D0     105D       0
                text35                             2FBE     2FBE       22     105D       0
                text34                             2F9C     2F9C       22     105D       0
                text33                             2F7A     2F7A       22     105D       0
                text32                             2A7E     2A7E       8A     105D       0
                text31                             2F58     2F58       22     105D       0
                text30                             2F36     2F36       22     105D       0
                text29                             2F14     2F14       22     105D       0
                text28                             2B08     2B08       76     105D       0
                text27                             3098     3098       16     105D       0
                text26                             2EEA     2EEA       2A     105D       0
                text25                             2EC0     2EC0       2A     105D       0
                text24                             30E2     30E2        A     105D       0
                text23                             30D8     30D8        A     105D       0
                text22                             2936     2936       A8     105D       0
                text21                             29DE     29DE       A0     105D       0
                text20                             30F8     30F8        6     105D       0
                text19                             2FFE     2FFE       1E     105D       0
                text18                             2BF2     2BF2       72     105D       0
                text17                             2DE8     2DE8       40     105D       0
                text16                             3082     3082       16     105D       0
                text15                             306C     306C       16     105D       0
                text14                             30F2     30F2        6     105D       0
                text13                             30EC     30EC        6     105D       0
                text12                             2702     2702       C4     105D       0
                text11                             2886     2886       B0     105D       0
                text10                             2B7E     2B7E       74     105D       0
                text9                              2C64     2C64       64     105D       0
                text8                              2E5E     2E5E       34     105D       0
                text7                              2FE0     2FE0       1E     105D       0
                text6                              27C6     27C6       C0     105D       0
                text5                              20BA     20BA      2E8     105D       0
                text4                              2D5A     2D5A       48     105D       0
                text3                              303A     303A       1A     105D       0
                text2                              2E28     2E28       36     105D       0
                text1                              23A2     23A2      176     105D       0
                text0                              2518     2518      11A     105D       0
                cstackCOMRAM                          1        1       5B        1       1
                dataBANK0                            A5       A5        2       60       1
                bssBANK0                             60       60       45       60       1
                dataCOMRAM                           5F       5F        1        1       1
                bssCOMRAM                            5C       5C        3        1       1
                cinit                              2D12     2D12       48     105D       0
                idataBANK0                         30FE     30FE        2     105D       0
                idataCOMRAM                        3100     3100        1     105D       0

TOTAL           Name                               Link     Load   Length     Space
        CLASS   CODE           
                init                              1FFFC    1FFFC        4         0
                reset_vec                             0        0        4         0
                text44                             2CC8     2CC8       4A         0
                text43                             301C     301C       1E         0
                text42                             2E92     2E92       2E         0
                text41                             3054     3054       18         0
                text40                             30CA     30CA        E         0
                text39                             30BC     30BC        E         0
                text38                             30AE     30AE        E         0
                text37                             2DA2     2DA2       46         0
                text36                             2632     2632       D0         0
                text35                             2FBE     2FBE       22         0
                text34                             2F9C     2F9C       22         0
                text33                             2F7A     2F7A       22         0
                text32                             2A7E     2A7E       8A         0
                text31                             2F58     2F58       22         0
                text30                             2F36     2F36       22         0
                text29                             2F14     2F14       22         0
                text28                             2B08     2B08       76         0
                text27                             3098     3098       16         0
                text26                             2EEA     2EEA       2A         0
                text25                             2EC0     2EC0       2A         0
                text24                             30E2     30E2        A         0
                text23                             30D8     30D8        A         0
                text22                             2936     2936       A8         0
                text21                             29DE     29DE       A0         0
                text20                             30F8     30F8        6         0
                text19                             2FFE     2FFE       1E         0
                text18                             2BF2     2BF2       72         0
                text17                             2DE8     2DE8       40         0
                text16                             3082     3082       16         0
                text15                             306C     306C       16         0
                text14                             30F2     30F2        6         0
                text13                             30EC     30EC        6         0
                text12                             2702     2702       C4         0
                text11                             2886     2886       B0         0
                text10                             2B7E     2B7E       74         0
                text9                              2C64     2C64       64         0
                text8                              2E5E     2E5E       34         0
                text7                              2FE0     2FE0       1E         0
                text6                              27C6     27C6       C0         0
                text5                              20BA     20BA      2E8         0
                text4                              2D5A     2D5A       48         0
                text3                              303A     303A       1A         0
                text2                              2E28     2E28       36         0
                text1                              23A2     23A2      176         0
                text0                              2518     2518      11A         0
                cinit                              2D12     2D12       48         0
                idataBANK0                         30FE     30FE        2         0
                idataCOMRAM                        3100     3100        1         0

        CLASS   CONST          

        CLASS   SMALLCONST     
                smallconst                         2000     2000       BA         0

        CLASS   MEDIUMCONST    

        CLASS   COMRAM         
                cstackCOMRAM                          1        1       5B         1
                dataCOMRAM                           5F       5F        1         1
                bssCOMRAM                            5C       5C        3         1

        CLASS   ABS1           

        CLASS   BIGRAM         

        CLASS   RAM            

        CLASS   BANK0          
                dataBANK0                            A5       A5        2         1
                bssBANK0                             60       60       45         1

        CLASS   BANK1          

        CLASS   BANK2          

        CLASS   BANK3          

        CLASS   BANK4          

        CLASS   BANK5          

        CLASS   BANK6          

        CLASS   BANK7          

        CLASS   BANK8          

        CLASS   BANK9          

        CLASS   BANK10         

        CLASS   BANK11         

        CLASS   BANK12         

        CLASS   BANK13         

        CLASS   BANK14         

        CLASS   BANK15         

        CLASS   BANK16         

        CLASS   BANK17         

        CLASS   BANK18         

        CLASS   BANK19         

        CLASS   BANK20         

        CLASS   BANK21         

        CLASS   BANK22         

        CLASS   BANK23         

        CLASS   BANK24         

        CLASS   BANK25         

        CLASS   BANK26         

        CLASS   BANK27         

        CLASS   BANK28         

        CLASS   BANK29         

        CLASS   BANK30         

        CLASS   BANK31         

        CLASS   SFR            

        CLASS   BIGSFR         

        CLASS   CONFIG         
                config                           300000   300000        A         4

        CLASS   IDLOC          

        CLASS   EEDATA         

        CLASS   FARRAM         

        CLASS   HEAP           

        CLASS   STACK          



SEGMENTS        Name                           Load    Length   Top    Selector   Space  Class

                reset_vec                      000000  000004  000004         0       0  CODE    
                cstackCOMRAM                   000001  00005F  000060         1       1  COMRAM  
                bssBANK0                       000060  000047  0000A7        60       1  BANK0   
                smallconst                     002000  0000BA  0020BA      1000       0  SMALLCON
                text5                          0020BA  001047  003101      105D       0  CODE    
                init                           01FFFC  000004  020000      FFFE       0  CODE    


UNUSED ADDRESS RANGES

        Name                Unused          Largest block    Delta
        BANK0            0000A7-0000FF               59
        BANK1            000100-0001FF              100
        BANK10           000A00-000AFF              100
        BANK11           000B00-000BFF              100
        BANK12           000C00-000CFF              100
        BANK13           000D00-000DFF              100
        BANK14           000E00-000EFF              100
        BANK15           000F00-000FFF              100
        BANK16           001000-0010FF              100
        BANK17           001100-0011FF              100
        BANK18           001200-0012FF              100
        BANK19           001300-0013FF              100
        BANK2            000200-0002FF              100
        BANK20           001400-0014FF              100
        BANK21           001500-0015FF              100
        BANK22           001600-0016FF              100
        BANK23           001700-0017FF              100
        BANK24           001800-0018FF              100
        BANK25           001900-0019FF              100
        BANK26           001A00-001AFF              100
        BANK27           001B00-001BFF              100
        BANK28           001C00-001CFF              100
        BANK29           001D00-001DFF              100
        BANK3            000300-0003FF              100
        BANK30           001E00-001EFF              100
        BANK31           001F00-001FFF              100
        BANK4            000400-0004FF              100
        BANK5            000500-0005FF              100
        BANK6            000600-0006FF              100
        BANK7            000700-0007FF              100
        BANK8            000800-0008FF              100
        BANK9            000900-0009FF              100
        BIGRAM           0000A7-001FFF             1F59
        BIGSFR           003800-003FFF              800
        CODE             000004-001FFF             1FFC
                         003101-01FFFB            1CEFB
        CONST            000004-001FFF             1FFC
                         003101-01FFFB            1CEFB
        EEDATA           310000-3103FF              400
        IDLOC            200000-20000F               10
        MEDIUMCONST      003101-00FFFF             CEFF
                         012000-01FFFB             DFFC
        RAM              0000A7-001FFF              100
        SFR              003800-003FFF              100
        SMALLCONST       003101-01FFFB              100

                                  Symbol Table

?___awdiv                                          cstackCOMRAM 000001
?___awmod                                          cstackCOMRAM 000001
?___lwdiv                                          cstackCOMRAM 000001
?___lwmod                                          cstackCOMRAM 000001
?_abs                                              cstackCOMRAM 000007
?_printf                                           cstackCOMRAM 00001D
?_sprintf                                          cstackCOMRAM 00001D
?_vfprintf                                         cstackCOMRAM 000018
INT0_SetInterruptHandler@InterruptHandler          cstackCOMRAM 000001
INT1_SetInterruptHandler@InterruptHandler          cstackCOMRAM 000001
INT2_SetInterruptHandler@InterruptHandler          cstackCOMRAM 000001
LCD_Char@dat                                       cstackCOMRAM 000007
LCD_Command@cmd                                    cstackCOMRAM 000007
LCD_String@msg                                     cstackCOMRAM 000008
LCD_String_xy@location                             cstackCOMRAM 00000E
LCD_String_xy@msg                                  cstackCOMRAM 00000B
LCD_String_xy@pos                                  cstackCOMRAM 00000A
LCD_String_xy@row                                  cstackCOMRAM 00000D
MSdelay@i                                          cstackCOMRAM 000003
MSdelay@j                                          cstackCOMRAM 000005
MSdelay@val                                        cstackCOMRAM 000001
TF_Luna_Send_Freq@bytes                            cstackCOMRAM 000007
TF_Luna_Send_Freq@bytes_sent                       cstackCOMRAM 00000E
TF_Luna_Send_Freq@checksum                         cstackCOMRAM 000006
TF_Luna_Send_Freq@freq                             cstackCOMRAM 000004
TF_Luna_Send_Freq@freq_dec                         cstackCOMRAM 000005
TF_Luna_Send_Freq@header                           cstackCOMRAM 00000D
TF_Luna_Send_Freq@id                               cstackCOMRAM 000003
TF_Luna_Send_Freq@length                           cstackCOMRAM 000002
TF_Luna_Trigger@bytes                              cstackCOMRAM 000005
TF_Luna_Trigger@bytes_sent                         cstackCOMRAM 00000C
TF_Luna_Trigger@header                             cstackCOMRAM 00000B
TF_Luna_Trigger@id                                 cstackCOMRAM 000003
TF_Luna_Trigger@length                             cstackCOMRAM 000002
TF_Luna_Trigger@payload                            cstackCOMRAM 000004
UART1_FramingErrorCallbackRegister@callbackHandler cstackCOMRAM 000001
UART1_OverrunErrorCallbackRegister@callbackHandler cstackCOMRAM 000001
UART1_ParityErrorCallbackRegister@callbackHandler  cstackCOMRAM 000001
UART1_Write@txData                                 cstackCOMRAM 000001
UART2_FramingErrorCallbackRegister@callbackHandler cstackCOMRAM 000001
UART2_OverrunErrorCallbackRegister@callbackHandler cstackCOMRAM 000001
UART2_ParityErrorCallbackRegister@callbackHandler  cstackCOMRAM 000001
UART2_Write@txData                                 cstackCOMRAM 000001
_ANSELA                                            (abs)        003A40
_ANSELB                                            (abs)        003A50
_ANSELC                                            (abs)        003A60
_ANSELD                                            (abs)        003A70
_ANSELE                                            (abs)        003A80
_CLOCK_Initialize                                  text41       003054
_INLVLA                                            (abs)        003A44
_INLVLB                                            (abs)        003A54
_INLVLC                                            (abs)        003A64
_INLVLD                                            (abs)        003A74
_INLVLE                                            (abs)        003A84
_INT0_DefaultInterruptHandler                      (abs)        000000
_INT0_InterruptHandler                             bssBANK0     000098
_INT0_SetInterruptHandler                          text40       0030CA
_INT1_DefaultInterruptHandler                      (abs)        000000
_INT1_InterruptHandler                             bssBANK0     000095
_INT1_SetInterruptHandler                          text39       0030BC
_INT2_DefaultInterruptHandler                      (abs)        000000
_INT2_InterruptHandler                             bssBANK0     000092
_INT2_SetInterruptHandler                          text38       0030AE
_INTCON0bits                                       (abs)        003FD2
_INTERRUPT_Initialize                              text37       002DA2
_IOCAF                                             (abs)        003A47
_IOCAN                                             (abs)        003A46
_IOCAP                                             (abs)        003A45
_IOCBF                                             (abs)        003A57
_IOCBN                                             (abs)        003A56
_IOCBP                                             (abs)        003A55
_IOCCF                                             (abs)        003A67
_IOCCN                                             (abs)        003A66
_IOCCP                                             (abs)        003A65
_IOCEF                                             (abs)        003A87
_IOCEN                                             (abs)        003A86
_IOCEP                                             (abs)        003A85
_LATA                                              (abs)        003FBA
_LATA0                                             (abs)        01FDD0
_LATA1                                             (abs)        01FDD1
_LATB                                              (abs)        003FBB
_LATC                                              (abs)        003FBC
_LATD                                              (abs)        003FBD
_LATE                                              (abs)        003FBE
_LCD_Char                                          text19       002FFE
_LCD_Command                                       text43       00301C
_LCD_Init                                          text42       002E92
_LCD_String                                        text18       002BF2
_LCD_String_xy                                     text17       002DE8
_MSdelay                                           text44       002CC8
_ODCONA                                            (abs)        003A42
_ODCONB                                            (abs)        003A52
_ODCONC                                            (abs)        003A62
_ODCOND                                            (abs)        003A72
_ODCONE                                            (abs)        003A82
_OSCCON1                                           (abs)        0039D9
_OSCCON3                                           (abs)        0039DB
_OSCEN                                             (abs)        0039DD
_OSCFRQ                                            (abs)        0039DF
_OSCTUNE                                           (abs)        0039DE
_PIN_MANAGER_Initialize                            text36       002632
_PIR1bits                                          (abs)        0039A1
_PIR5bits                                          (abs)        0039A5
_PIR7bits                                          (abs)        0039A7
_PORTAbits                                         (abs)        003FCA
_PORTCbits                                         (abs)        003FCC
_PORTE                                             (abs)        003FCE
_PORTEbits                                         (abs)        003FCE
_RB1I2C                                            (abs)        003A5A
_RB2I2C                                            (abs)        003A5B
_RC3I2C                                            (abs)        003A6A
_RC4I2C                                            (abs)        003A6B
_RC6PPS                                            (abs)        003A16
_RD0I2C                                            (abs)        003A7A
_RD0PPS                                            (abs)        003A18
_RD1I2C                                            (abs)        003A7B
_SLRCONA                                           (abs)        003A43
_SLRCONB                                           (abs)        003A53
_SLRCONC                                           (abs)        003A63
_SLRCOND                                           (abs)        003A73
_SLRCONE                                           (abs)        003A83
_SYSTEM_Initialize                                 text27       003098
_TF_Luna_Send_Freq                                 text22       002936
_TF_Luna_Trigger                                   text21       0029DE
_TRISA                                             (abs)        003FC2
_TRISB                                             (abs)        003FC3
_TRISC                                             (abs)        003FC4
_TRISD                                             (abs)        003FC5
_TRISE                                             (abs)        003FC6
_U1BRGH                                            (abs)        003DF6
_U1BRGL                                            (abs)        003DF5
_U1CON0                                            (abs)        003DF2
_U1CON0bits                                        (abs)        003DF2
_U1CON1                                            (abs)        003DF3
_U1CON1bits                                        (abs)        003DF3
_U1CON2                                            (abs)        003DF4
_U1ERRIE                                           (abs)        003DFA
_U1ERRIR                                           (abs)        003DF9
_U1ERRIRbits                                       (abs)        003DF9
_U1FIFO                                            (abs)        003DF7
_U1FIFObits                                        (abs)        003DF7
_U1P1H                                             (abs)        003DED
_U1P1L                                             (abs)        003DEC
_U1P2H                                             (abs)        003DEF
_U1P2L                                             (abs)        003DEE
_U1P3H                                             (abs)        003DF1
_U1P3L                                             (abs)        003DF0
_U1RXB                                             (abs)        003DE8
_U1RXCHK                                           (abs)        003DE9
_U1RXPPS                                           (abs)        003AE5
_U1TXB                                             (abs)        003DEA
_U1TXCHK                                           (abs)        003DEB
_U1UIR                                             (abs)        003DF8
_U1UIRbits                                         (abs)        003DF8
_U2BRGH                                            (abs)        003DDE
_U2BRGL                                            (abs)        003DDD
_U2CON0                                            (abs)        003DDA
_U2CON0bits                                        (abs)        003DDA
_U2CON1                                            (abs)        003DDB
_U2CON1bits                                        (abs)        003DDB
_U2CON2                                            (abs)        003DDC
_U2ERRIE                                           (abs)        003DE2
_U2ERRIR                                           (abs)        003DE1
_U2ERRIRbits                                       (abs)        003DE1
_U2FIFO                                            (abs)        003DDF
_U2FIFObits                                        (abs)        003DDF
_U2P1L                                             (abs)        003DD4
_U2P2L                                             (abs)        003DD6
_U2P3L                                             (abs)        003DD8
_U2RXB                                             (abs)        003DD0
_U2RXPPS                                           (abs)        003AE8
_U2TXB                                             (abs)        003DD2
_U2UIR                                             (abs)        003DE0
_U2UIRbits                                         (abs)        003DE0
_UART1                                             smallconst   002001
_UART1_AutoBaudQuery                               (abs)        000000
_UART1_AutoBaudSet                                 (abs)        000000
_UART1_DefaultFramingErrorCallback                 (abs)        000000
_UART1_DefaultOverrunErrorCallback                 (abs)        000000
_UART1_DefaultParityErrorCallback                  (abs)        000000
_UART1_Deinitialize                                (abs)        000000
_UART1_ErrorGet                                    (abs)        000000
_UART1_FramingErrorCallbackRegister                text35       002FBE
_UART1_FramingErrorHandler                         bssBANK0     000086
_UART1_Initialize                                  text32       002A7E
_UART1_IsRxReady                                   text15       00306C
_UART1_IsTxDone                                    (abs)        000000
_UART1_IsTxReady                                   text25       002EC0
_UART1_IsTxReady$1404                              cstackCOMRAM 000001
_UART1_OverrunErrorCallbackRegister                text34       002F9C
_UART1_OverrunErrorHandler                         bssBANK0     000083
_UART1_ParityErrorCallbackRegister                 text33       002F7A
_UART1_ParityErrorHandler                          bssBANK0     000080
_UART1_Read                                        text13       0030EC
_UART1_TransmitDisable                             (abs)        000000
_UART1_TransmitEnable                              (abs)        000000
_UART1_Write                                       text23       0030D8
_UART2                                             smallconst   002049
_UART2_AutoBaudQuery                               (abs)        000000
_UART2_AutoBaudSet                                 (abs)        000000
_UART2_DefaultFramingErrorCallback                 (abs)        000000
_UART2_DefaultOverrunErrorCallback                 (abs)        000000
_UART2_DefaultParityErrorCallback                  (abs)        000000
_UART2_Deinitialize                                (abs)        000000
_UART2_ErrorGet                                    (abs)        000000
_UART2_FramingErrorCallbackRegister                text31       002F58
_UART2_FramingErrorHandler                         bssBANK0     00008F
_UART2_Initialize                                  text28       002B08
_UART2_IsRxReady                                   text16       003082
_UART2_IsTxDone                                    (abs)        000000
_UART2_IsTxReady                                   text26       002EEA
_UART2_IsTxReady$838                               cstackCOMRAM 000001
_UART2_OverrunErrorCallbackRegister                text30       002F36
_UART2_OverrunErrorHandler                         bssBANK0     00008C
_UART2_ParityErrorCallbackRegister                 text29       002F14
_UART2_ParityErrorHandler                          bssBANK0     000089
_UART2_Read                                        text14       0030F2
_UART2_ReceiveEnable                               text20       0030F8
_UART2_TransmitDisable                             (abs)        000000
_UART2_TransmitEnable                              (abs)        000000
_UART2_Write                                       text24       0030E2
_WPUA                                              (abs)        003A41
_WPUB                                              (abs)        003A51
_WPUC                                              (abs)        003A61
_WPUD                                              (abs)        003A71
_WPUE                                              (abs)        003A81
__HRAM                                             (abs)        000000
__H__absolute__                                    __absolute__ 000000
__Habs1                                            abs1         000000
__Hbank0                                           bank0        000000
__Hbank1                                           bank1        000000
__Hbank10                                          bank10       000000
__Hbank11                                          bank11       000000
__Hbank12                                          bank12       000000
__Hbank13                                          bank13       000000
__Hbank14                                          bank14       000000
__Hbank15                                          bank15       000000
__Hbank16                                          bank16       000000
__Hbank17                                          bank17       000000
__Hbank18                                          bank18       000000
__Hbank19                                          bank19       000000
__Hbank2                                           bank2        000000
__Hbank20                                          bank20       000000
__Hbank21                                          bank21       000000
__Hbank22                                          bank22       000000
__Hbank23                                          bank23       000000
__Hbank24                                          bank24       000000
__Hbank25                                          bank25       000000
__Hbank26                                          bank26       000000
__Hbank27                                          bank27       000000
__Hbank28                                          bank28       000000
__Hbank29                                          bank29       000000
__Hbank3                                           bank3        000000
__Hbank30                                          bank30       000000
__Hbank31                                          bank31       000000
__Hbank4                                           bank4        000000
__Hbank5                                           bank5        000000
__Hbank6                                           bank6        000000
__Hbank7                                           bank7        000000
__Hbank8                                           bank8        000000
__Hbank9                                           bank9        000000
__Hbigbss                                          bigbss       000000
__Hbigdata                                         bigdata      000000
__Hbigram                                          bigram       000000
__Hbigsfr                                          bigsfr       000000
__Hbss                                             bss          000000
__HbssBANK0                                        bssBANK0     000000
__HbssCOMRAM                                       bssCOMRAM    000000
__Hcinit                                           cinit        000000
__Hclrtext                                         clrtext      000000
__Hcomram                                          comram       000000
__Hconfig                                          config       30000A
__Hconst                                           const        000000
__HcstackCOMRAM                                    cstackCOMRAM 000000
__Hdata                                            data         000000
__HdataBANK0                                       dataBANK0    000000
__HdataCOMRAM                                      dataCOMRAM   000000
__Heeprom_data                                     eeprom_data  000000
__Hfarbss                                          farbss       000000
__Hfardata                                         fardata      000000
__Hheap                                            heap         000000
__Hibigdata                                        ibigdata     000000
__Hidata                                           idata        000000
__HidataBANK0                                      idataBANK0   000000
__HidataCOMRAM                                     idataCOMRAM  000000
__Hidloc                                           idloc        000000
__Hifardata                                        ifardata     000000
__Hinit                                            init         020000
__Hintsave_regs                                    intsave_regs 000000
__Hirdata                                          irdata       000000
__Hmediumconst                                     mediumconst  000000
__HnvFARRAM                                        nvFARRAM     000000
__Hnvbit                                           nvbit        000000
__Hnvrram                                          nvrram       000000
__Hparam                                           rparam       000000
__Hpowerup                                         powerup      000000
__Hram                                             ram          000000
__Hramtop                                          ramtop       002000
__Hrbit                                            rbit         000000
__Hrbss                                            rbss         000000
__Hrdata                                           rdata        000000
__Hreset_vec                                       reset_vec    000004
__Hrparam                                          rparam       000000
__Hsfr                                             sfr          000000
__Hsmallconst                                      smallconst   0020BA
__Hspace_0                                         (abs)        020000
__Hspace_1                                         (abs)        0000A7
__Hspace_2                                         (abs)        000000
__Hspace_4                                         (abs)        60000A
__Hstack                                           stack        000000
__Hstruct                                          struct       000000
__Htemp                                            temp         000000
__Htext                                            text         000000
__Htext0                                           text0        000000
__Htext1                                           text1        000000
__Htext10                                          text10       000000
__Htext11                                          text11       000000
__Htext12                                          text12       000000
__Htext13                                          text13       000000
__Htext14                                          text14       000000
__Htext15                                          text15       000000
__Htext16                                          text16       000000
__Htext17                                          text17       000000
__Htext18                                          text18       000000
__Htext19                                          text19       000000
__Htext2                                           text2        000000
__Htext20                                          text20       000000
__Htext21                                          text21       000000
__Htext22                                          text22       000000
__Htext23                                          text23       000000
__Htext24                                          text24       000000
__Htext25                                          text25       000000
__Htext26                                          text26       000000
__Htext27                                          text27       000000
__Htext28                                          text28       000000
__Htext29                                          text29       000000
__Htext3                                           text3        000000
__Htext30                                          text30       000000
__Htext31                                          text31       000000
__Htext32                                          text32       000000
__Htext33                                          text33       000000
__Htext34                                          text34       000000
__Htext35                                          text35       000000
__Htext36                                          text36       000000
__Htext37                                          text37       000000
__Htext38                                          text38       000000
__Htext39                                          text39       000000
__Htext4                                           text4        000000
__Htext40                                          text40       000000
__Htext41                                          text41       000000
__Htext42                                          text42       000000
__Htext43                                          text43       000000
__Htext44                                          text44       000000
__Htext5                                           text5        000000
__Htext6                                           text6        000000
__Htext7                                           text7        000000
__Htext8                                           text8        000000
__Htext9                                           text9        000000
__LRAM                                             (abs)        000001
__L__absolute__                                    __absolute__ 000000
__Labs1                                            abs1         000000
__Lbank0                                           bank0        000000
__Lbank1                                           bank1        000000
__Lbank10                                          bank10       000000
__Lbank11                                          bank11       000000
__Lbank12                                          bank12       000000
__Lbank13                                          bank13       000000
__Lbank14                                          bank14       000000
__Lbank15                                          bank15       000000
__Lbank16                                          bank16       000000
__Lbank17                                          bank17       000000
__Lbank18                                          bank18       000000
__Lbank19                                          bank19       000000
__Lbank2                                           bank2        000000
__Lbank20                                          bank20       000000
__Lbank21                                          bank21       000000
__Lbank22                                          bank22       000000
__Lbank23                                          bank23       000000
__Lbank24                                          bank24       000000
__Lbank25                                          bank25       000000
__Lbank26                                          bank26       000000
__Lbank27                                          bank27       000000
__Lbank28                                          bank28       000000
__Lbank29                                          bank29       000000
__Lbank3                                           bank3        000000
__Lbank30                                          bank30       000000
__Lbank31                                          bank31       000000
__Lbank4                                           bank4        000000
__Lbank5                                           bank5        000000
__Lbank6                                           bank6        000000
__Lbank7                                           bank7        000000
__Lbank8                                           bank8        000000
__Lbank9                                           bank9        000000
__Lbigbss                                          bigbss       000000
__Lbigdata                                         bigdata      000000
__Lbigram                                          bigram       000000
__Lbigsfr                                          bigsfr       000000
__Lbss                                             bss          000000
__LbssBANK0                                        bssBANK0     000000
__LbssCOMRAM                                       bssCOMRAM    000000
__Lcinit                                           cinit        000000
__Lclrtext                                         clrtext      000000
__Lcomram                                          comram       000000
__Lconfig                                          config       000000
__Lconst                                           const        000000
__LcstackCOMRAM                                    cstackCOMRAM 000000
__Ldata                                            data         000000
__LdataBANK0                                       dataBANK0    000000
__LdataCOMRAM                                      dataCOMRAM   000000
__Leeprom_data                                     eeprom_data  000000
__Lfarbss                                          farbss       000000
__Lfardata                                         fardata      000000
__Lheap                                            heap         000000
__Libigdata                                        ibigdata     000000
__Lidata                                           idata        000000
__LidataBANK0                                      idataBANK0   000000
__LidataCOMRAM                                     idataCOMRAM  000000
__Lidloc                                           idloc        000000
__Lifardata                                        ifardata     000000
__Linit                                            init         01FFFC
__Lintsave_regs                                    intsave_regs 000000
__Lirdata                                          irdata       000000
__Lmediumconst                                     mediumconst  000000
__LnvFARRAM                                        nvFARRAM     000000
__Lnvbit                                           nvbit        000000
__Lnvrram                                          nvrram       000000
__Lparam                                           rparam       000000
__Lpowerup                                         powerup      000000
__Lram                                             ram          000000
__Lramtop                                          ramtop       002000
__Lrbit                                            rbit         000000
__Lrbss                                            rbss         000000
__Lrdata                                           rdata        000000
__Lreset_vec                                       reset_vec    000000
__Lrparam                                          rparam       000000
__Lsfr                                             sfr          000000
__Lsmallconst                                      smallconst   002000
__Lspace_0                                         (abs)        000000
__Lspace_1                                         (abs)        000000
__Lspace_2                                         (abs)        000000
__Lspace_4                                         (abs)        000000
__Lstack                                           stack        000000
__Lstruct                                          struct       000000
__Ltemp                                            temp         000000
__Ltext                                            text         000000
__Ltext0                                           text0        000000
__Ltext1                                           text1        000000
__Ltext10                                          text10       000000
__Ltext11                                          text11       000000
__Ltext12                                          text12       000000
__Ltext13                                          text13       000000
__Ltext14                                          text14       000000
__Ltext15                                          text15       000000
__Ltext16                                          text16       000000
__Ltext17                                          text17       000000
__Ltext18                                          text18       000000
__Ltext19                                          text19       000000
__Ltext2                                           text2        000000
__Ltext20                                          text20       000000
__Ltext21                                          text21       000000
__Ltext22                                          text22       000000
__Ltext23                                          text23       000000
__Ltext24                                          text24       000000
__Ltext25                                          text25       000000
__Ltext26                                          text26       000000
__Ltext27                                          text27       000000
__Ltext28                                          text28       000000
__Ltext29                                          text29       000000
__Ltext3                                           text3        000000
__Ltext30                                          text30       000000
__Ltext31                                          text31       000000
__Ltext32                                          text32       000000
__Ltext33                                          text33       000000
__Ltext34                                          text34       000000
__Ltext35                                          text35       000000
__Ltext36                                          text36       000000
__Ltext37                                          text37       000000
__Ltext38                                          text38       000000
__Ltext39                                          text39       000000
__Ltext4                                           text4        000000
__Ltext40                                          text40       000000
__Ltext41                                          text41       000000
__Ltext42                                          text42       000000
__Ltext43                                          text43       000000
__Ltext44                                          text44       000000
__Ltext5                                           text5        000000
__Ltext6                                           text6        000000
__Ltext7                                           text7        000000
__Ltext8                                           text8        000000
__Ltext9                                           text9        000000
__S0                                               (abs)        020000
__S1                                               (abs)        0000A7
__S4                                               (abs)        000000
__S5                                               (abs)        000000
___awdiv                                           text12       002702
___awdiv@counter                                   cstackCOMRAM 000005
___awdiv@dividend                                  cstackCOMRAM 000001
___awdiv@divisor                                   cstackCOMRAM 000003
___awdiv@quotient                                  cstackCOMRAM 000007
___awdiv@sign                                      cstackCOMRAM 000006
___awmod                                           text11       002886
___awmod@counter                                   cstackCOMRAM 000005
___awmod@dividend                                  cstackCOMRAM 000001
___awmod@divisor                                   cstackCOMRAM 000003
___awmod@sign                                      cstackCOMRAM 000006
___heap_hi                                         (abs)        000000
___heap_lo                                         (abs)        000000
___inthi_sp                                        stack        000000
___inthi_stack_hi                                  stack        000000
___inthi_stack_lo                                  stack        000000
___intlo_sp                                        stack        000000
___intlo_stack_hi                                  stack        000000
___intlo_stack_lo                                  stack        000000
___lwdiv                                           text10       002B7E
___lwdiv@counter                                   cstackCOMRAM 000007
___lwdiv@dividend                                  cstackCOMRAM 000001
___lwdiv@divisor                                   cstackCOMRAM 000003
___lwdiv@quotient                                  cstackCOMRAM 000005
___lwmod                                           text9        002C64
___lwmod@counter                                   cstackCOMRAM 000005
___lwmod@dividend                                  cstackCOMRAM 000001
___lwmod@divisor                                   cstackCOMRAM 000003
___param_bank                                      (abs)        000000
___rparam_used                                     (abs)        000001
___sp                                              stack        000000
___stack_hi                                        stack        000000
___stack_lo                                        stack        000000
__accesstop                                        (abs)        000060
__activetblptr                                     (abs)        000003
__end_of_CLOCK_Initialize                          text41       00306C
__end_of_INT0_SetInterruptHandler                  text40       0030D8
__end_of_INT1_SetInterruptHandler                  text39       0030CA
__end_of_INT2_SetInterruptHandler                  text38       0030BC
__end_of_INTERRUPT_Initialize                      text37       002DE8
__end_of_LCD_Char                                  text19       00301C
__end_of_LCD_Command                               text43       00303A
__end_of_LCD_Init                                  text42       002EC0
__end_of_LCD_String                                text18       002C64
__end_of_LCD_String_xy                             text17       002E28
__end_of_MSdelay                                   text44       002D12
__end_of_PIN_MANAGER_Initialize                    text36       002702
__end_of_SYSTEM_Initialize                         text27       0030AE
__end_of_TF_Luna_Send_Freq                         text22       0029DE
__end_of_TF_Luna_Trigger                           text21       002A7E
__end_of_UART1                                     smallconst   002049
__end_of_UART1_FramingErrorCallbackRegister        text35       002FE0
__end_of_UART1_Initialize                          text32       002B08
__end_of_UART1_IsRxReady                           text15       003082
__end_of_UART1_IsTxReady                           text25       002EEA
__end_of_UART1_OverrunErrorCallbackRegister        text34       002FBE
__end_of_UART1_ParityErrorCallbackRegister         text33       002F9C
__end_of_UART1_Read                                text13       0030F2
__end_of_UART1_Write                               text23       0030E2
__end_of_UART2                                     smallconst   002091
__end_of_UART2_FramingErrorCallbackRegister        text31       002F7A
__end_of_UART2_Initialize                          text28       002B7E
__end_of_UART2_IsRxReady                           text16       003098
__end_of_UART2_IsTxReady                           text26       002F14
__end_of_UART2_OverrunErrorCallbackRegister        text30       002F58
__end_of_UART2_ParityErrorCallbackRegister         text29       002F36
__end_of_UART2_Read                                text14       0030F8
__end_of_UART2_ReceiveEnable                       text20       0030FE
__end_of_UART2_Write                               text24       0030EC
__end_of___awdiv                                   text12       0027C6
__end_of___awmod                                   text11       002936
__end_of___lwdiv                                   text10       002BF2
__end_of___lwmod                                   text9        002CC8
__end_of__initialization                           cinit        002D54
__end_of_abs                                       text8        002E92
__end_of_fputc                                     text6        002886
__end_of_main                                      text0        002632
__end_of_printf                                    text3        003054
__end_of_putch                                     text7        002FFE
__end_of_read                                      text1        002518
__end_of_sprintf                                   text2        002E5E
__end_of_vfpfcnvrt                                 text5        0023A2
__end_of_vfprintf                                  text4        002DA2
__initialization                                   cinit        002D12
__mediumconst                                      mediumconst  000000
__pbssBANK0                                        bssBANK0     000060
__pbssCOMRAM                                       bssCOMRAM    00005C
__pcinit                                           cinit        002D12
__pcstackCOMRAM                                    cstackCOMRAM 000001
__pdataBANK0                                       dataBANK0    0000A5
__pdataCOMRAM                                      dataCOMRAM   00005F
__pidataBANK0                                      idataBANK0   0030FE
__pidataCOMRAM                                     idataCOMRAM  003100
__psmallconst                                      smallconst   002000
__ptext0                                           text0        002518
__ptext1                                           text1        0023A2
__ptext10                                          text10       002B7E
__ptext11                                          text11       002886
__ptext12                                          text12       002702
__ptext13                                          text13       0030EC
__ptext14                                          text14       0030F2
__ptext15                                          text15       00306C
__ptext16                                          text16       003082
__ptext17                                          text17       002DE8
__ptext18                                          text18       002BF2
__ptext19                                          text19       002FFE
__ptext2                                           text2        002E28
__ptext20                                          text20       0030F8
__ptext21                                          text21       0029DE
__ptext22                                          text22       002936
__ptext23                                          text23       0030D8
__ptext24                                          text24       0030E2
__ptext25                                          text25       002EC0
__ptext26                                          text26       002EEA
__ptext27                                          text27       003098
__ptext28                                          text28       002B08
__ptext29                                          text29       002F14
__ptext3                                           text3        00303A
__ptext30                                          text30       002F36
__ptext31                                          text31       002F58
__ptext32                                          text32       002A7E
__ptext33                                          text33       002F7A
__ptext34                                          text34       002F9C
__ptext35                                          text35       002FBE
__ptext36                                          text36       002632
__ptext37                                          text37       002DA2
__ptext38                                          text38       0030AE
__ptext39                                          text39       0030BC
__ptext4                                           text4        002D5A
__ptext40                                          text40       0030CA
__ptext41                                          text41       003054
__ptext42                                          text42       002E92
__ptext43                                          text43       00301C
__ptext44                                          text44       002CC8
__ptext5                                           text5        0020BA
__ptext6                                           text6        0027C6
__ptext7                                           text7        002FE0
__ptext8                                           text8        002E5E
__ptext9                                           text9        002C64
__ramtop                                           ramtop       002000
__smallconst                                       smallconst   002000
_abs                                               text8        002E5E
_checksum                                          bssBANK0     0000A4
_dbuf                                              bssBANK0     000060
_flags                                             bssBANK0     0000A3
_fputc                                             text6        0027C6
_freq                                              bssCOMRAM    00005D
_freq_ID                                           dataBANK0    0000A6
_freq_dec                                          bssCOMRAM    00005C
_header                                            dataCOMRAM   00005F
_main                                              text0        002518
_prec                                              bssBANK0     00009D
_printf                                            text3        00303A
_putch                                             text7        002FE0
_read                                              text1        0023A2
_received_data                                     bssCOMRAM    00005E
_sprintf                                           text2        002E28
_trigger                                           dataBANK0    0000A5
_uart1RxLastError                                  bssBANK0     00009F
_uart2RxLastError                                  bssBANK0     0000A1
_vfpfcnvrt                                         text5        0020BA
_vfprintf                                          text4        002D5A
_width                                             bssBANK0     00009B
abs@a                                              cstackCOMRAM 000007
end_of_initialization                              cinit        002D54
fputc@c                                            cstackCOMRAM 000003
fputc@fp                                           cstackCOMRAM 000005
intlevel0                                          text         000000
intlevel1                                          text         000000
intlevel2                                          text         000000
intlevel3                                          text         000000
isa$std                                            (abs)        000001
isa$xinst                                          (abs)        000000
main@angle                                         cstackCOMRAM 000058
main@i                                             cstackCOMRAM 000056
main@steps                                         cstackCOMRAM 00005A
printf@ap                                          cstackCOMRAM 000020
printf@fmt                                         cstackCOMRAM 00001D
putch@txData                                       cstackCOMRAM 000002
read@Read_header                                   cstackCOMRAM 000052
read@byte_count                                    cstackCOMRAM 000053
read@count                                         cstackCOMRAM 00004D
read@data                                          cstackCOMRAM 000030
read@distance                                      cstackCOMRAM 000050
read@distance_H                                    cstackCOMRAM 00004F
read@distance_L                                    cstackCOMRAM 00004E
read@i                                             cstackCOMRAM 000054
read@received_bytes                                cstackCOMRAM 000044
sprintf@ap                                         cstackCOMRAM 000021
sprintf@f                                          cstackCOMRAM 000022
sprintf@fmt                                        cstackCOMRAM 00001E
sprintf@s                                          cstackCOMRAM 00001D
stackhi                                            (abs)        000000
stacklo                                            (abs)        000000
start                                              init         01FFFC
start_initialization                               cinit        002D12
vfpfcnvrt@ap                                       cstackCOMRAM 00000F
vfpfcnvrt@c                                        cstackCOMRAM 000017
vfpfcnvrt@convarg                                  cstackCOMRAM 000013
vfpfcnvrt@cp                                       cstackCOMRAM 000012
vfpfcnvrt@done                                     cstackCOMRAM 000011
vfpfcnvrt@fmt                                      cstackCOMRAM 00000E
vfpfcnvrt@fp                                       cstackCOMRAM 00000C
vfprintf@ap                                        cstackCOMRAM 00001B
vfprintf@cfmt                                      cstackCOMRAM 00001C
vfprintf@fmt                                       cstackCOMRAM 00001A
vfprintf@fp                                        cstackCOMRAM 000018


MODULE INFORMATION

Module		Function		Class		Link	Load	Size
C:\Program Files\Microchip\xc8\v2.46\pic\sources\c99\common\printf.c
		_printf        		CODE           	303A	0000	26

C:\Program Files\Microchip\xc8\v2.46\pic\sources\c99\common\printf.c estimated size: 26

C:\Program Files\Microchip\xc8\v2.46\pic\sources\c99\common\nf_fputc.c
		_fputc         		CODE           	27C6	0000	192

C:\Program Files\Microchip\xc8\v2.46\pic\sources\c99\common\nf_fputc.c estimated size: 192

C:\Program Files\Microchip\xc8\v2.46\pic\sources\c99\common\lwdiv.c
		___lwdiv       		CODE           	2B7E	0000	116

C:\Program Files\Microchip\xc8\v2.46\pic\sources\c99\common\lwdiv.c estimated size: 116

C:\Program Files\Microchip\xc8\v2.46\pic\sources\c99\common\awdiv.c
		___awdiv       		CODE           	2702	0000	196

C:\Program Files\Microchip\xc8\v2.46\pic\sources\c99\common\awdiv.c estimated size: 196

mcc_generated_files/system/src/interrupt.c
		_INT0_SetInterruptHandler		CODE           	30CA	0000	14
		_INT1_SetInterruptHandler		CODE           	30BC	0000	14
		_INT2_SetInterruptHandler		CODE           	30AE	0000	14
		_INTERRUPT_Initialize		CODE           	2DA2	0000	70

mcc_generated_files/system/src/interrupt.c estimated size: 112

mcc_generated_files/uart/src/uart1.c
		_UART1_IsRxReady		CODE           	306C	0000	22
		_UART1_IsTxReady		CODE           	2EC0	0000	42
		_UART1_Write   		CODE           	30D8	0000	10
		_UART1_FramingErrorCallbackRegister		CODE           	2FBE	0000	34
		_UART1_OverrunErrorCallbackRegister		CODE           	2F9C	0000	34
		_UART1_Initialize		CODE           	2A7E	0000	138
		_UART1_Read    		CODE           	30EC	0000	6
		_UART1_ParityErrorCallbackRegister		CODE           	2F7A	0000	34

mcc_generated_files/uart/src/uart1.c estimated size: 320

./LCD.h
		_LCD_String    		CODE           	2BF2	0000	114
		_LCD_Init      		CODE           	2E92	0000	46
		_LCD_Command   		CODE           	301C	0000	30
		_LCD_String_xy 		CODE           	2DE8	0000	64
		_LCD_Char      		CODE           	2FFE	0000	30
		_MSdelay       		CODE           	2CC8	0000	74

./LCD.h estimated size: 358

C:\Program Files\Microchip\xc8\v2.46\pic\sources\c99\common\doprnt.c
		_vfpfcnvrt     		CODE           	20BA	0000	744
		_vfprintf      		CODE           	2D5A	0000	72

C:\Program Files\Microchip\xc8\v2.46\pic\sources\c99\common\doprnt.c estimated size: 816

C:\Program Files\Microchip\xc8\v2.46\pic\sources\c99\common\nf_sprintf.c
		_sprintf       		CODE           	2E28	0000	54

C:\Program Files\Microchip\xc8\v2.46\pic\sources\c99\common\nf_sprintf.c estimated size: 54

mcc_generated_files/system/src/pins.c
		_PIN_MANAGER_Initialize		CODE           	2632	0000	208

mcc_generated_files/system/src/pins.c estimated size: 208

shared
		__initialization		CODE           	2D12	0000	66
		_UART1         		SMALLCONST     	2001	0000	72
		_UART2         		SMALLCONST     	2049	0000	72

shared estimated size: 210

C:\Program Files\Microchip\xc8\v2.46\pic\sources\c99\common\lwmod.c
		___lwmod       		CODE           	2C64	0000	100

C:\Program Files\Microchip\xc8\v2.46\pic\sources\c99\common\lwmod.c estimated size: 100

mcc_generated_files/system/src/clock.c
		_CLOCK_Initialize		CODE           	3054	0000	24

mcc_generated_files/system/src/clock.c estimated size: 24

C:\Program Files\Microchip\xc8\v2.46\pic\sources\c99\common\abs.c
		_abs           		CODE           	2E5E	0000	52

C:\Program Files\Microchip\xc8\v2.46\pic\sources\c99\common\abs.c estimated size: 52

C:\Program Files\Microchip\xc8\v2.46\pic\sources\c99\common\awmod.c
		___awmod       		CODE           	2886	0000	176

C:\Program Files\Microchip\xc8\v2.46\pic\sources\c99\common\awmod.c estimated size: 176

main.c
		_TF_Luna_Send_Freq		CODE           	2936	0000	168
		_read          		CODE           	23A2	0000	374
		_main          		CODE           	2518	0000	282
		_TF_Luna_Trigger		CODE           	29DE	0000	160

main.c estimated size: 984

mcc_generated_files/uart/src/uart2.c
		_UART2_ParityErrorCallbackRegister		CODE           	2F14	0000	34
		_putch         		CODE           	2FE0	0000	30
		_UART2_IsRxReady		CODE           	3082	0000	22
		_UART2_IsTxReady		CODE           	2EEA	0000	42
		_UART2_Write   		CODE           	30E2	0000	10
		_UART2_FramingErrorCallbackRegister		CODE           	2F58	0000	34
		_UART2_ReceiveEnable		CODE           	30F8	0000	6
		_UART2_OverrunErrorCallbackRegister		CODE           	2F36	0000	34
		_UART2_Initialize		CODE           	2B08	0000	118
		_UART2_Read    		CODE           	30F2	0000	6

mcc_generated_files/uart/src/uart2.c estimated size: 336

mcc_generated_files/system/src/system.c
		_SYSTEM_Initialize		CODE           	3098	0000	22

mcc_generated_files/system/src/system.c estimated size: 22

