Microchip MPLAB XC8 Compiler V2.46

Linker command line:

-W-3 \
  --edf=C:\Program Files\Microchip\xc8\v2.46\pic\dat\20240104201356_en.msgs \
  -pivt0x8=08h -cn -h+dist/default/debug\UART2way.X.debug.sym \
  --cmf=dist/default/debug\UART2way.X.debug.cmf -z -Q18F47K42 \
  -oC:\Users\Tyler\AppData\Local\Temp\xcAso6o.\driver_tmp_3.o \
  --defsym=__MPLAB_BUILD=1 --fixupoverflow=error \
  -Mdist/default/debug/UART2way.X.debug.map \
  --md=C:\Users\Tyler\AppData\Local\Temp\xcAso6o.\driver_tmp_0.dat -E1 \
  -ver=XC8 Compiler --acfsm=1493 -ACODE=00h-01FFFFh -ACONST=00h-01FFFFh \
  -ASMALLCONST=02000h-020FFhx480 \
  -AMEDIUMCONST=02000h-0FFFFh,012000h-01FFFFh -ACOMRAM=01h-05Fh \
  -AABS1=00h-01FFFh -ABIGRAM=01h-01FFFh -ARAM=060h-0FFh,0100h-01FFhx31 \
  -ABANK0=060h-0FFh -ABANK1=0100h-01FFh -ABANK2=0200h-02FFh \
  -ABANK3=0300h-03FFh -ABANK4=0400h-04FFh -ABANK5=0500h-05FFh \
  -ABANK6=0600h-06FFh -ABANK7=0700h-07FFh -ABANK8=0800h-08FFh \
  -ABANK9=0900h-09FFh -ABANK10=0A00h-0AFFh -ABANK11=0B00h-0BFFh \
  -ABANK12=0C00h-0CFFh -ABANK13=0D00h-0DFFh -ABANK14=0E00h-0EFFh \
  -ABANK15=0F00h-0FFFh -ABANK16=01000h-010FFh -ABANK17=01100h-011FFh \
  -ABANK18=01200h-012FFh -ABANK19=01300h-013FFh -ABANK20=01400h-014FFh \
  -ABANK21=01500h-015FFh -ABANK22=01600h-016FFh -ABANK23=01700h-017FFh \
  -ABANK24=01800h-018FFh -ABANK25=01900h-019FFh -ABANK26=01A00h-01AFFh \
  -ABANK27=01B00h-01BFFh -ABANK28=01C00h-01CFFh -ABANK29=01D00h-01DFFh \
  -ABANK30=01E00h-01EFFh -ABANK31=01F00h-01FFFh \
  -ASFR=03800h-038FFhx7,03F00h-03F5Fh,03F60h-03FFFh -ABIGSFR=03800h-03FFFh \
  -ACONFIG=0300000h-0300009h -AIDLOC=0200000h-020000Fh \
  -AEEDATA=0310000h-03103FFh -peeprom_data=EEDATA -preset_vec=00h \
  -ppowerup=CODE,init -pramtop=02000h -psmallconst=SMALLCONST \
  -pmediumconst=MEDIUMCONST -pconst=CONST -AFARRAM=00h-00h \
  -prdata=COMRAM,nvrram=COMRAM,nvbit=COMRAM,rbss=COMRAM,rbit=COMRAM \
  -pfarbss=FARRAM,fardata=FARRAM,nvFARRAM=FARRAM \
  -pintsave_regs=BIGRAM,bigbss=BIGRAM,bigdata=BIGRAM -pbss=RAM \
  -pidata=CODE,irdata=CODE,ibigdata=CODE,ifardata=CODE -prparam=COMRAM \
  C:\Users\Tyler\AppData\Local\Temp\xcAso6o.\driver_tmp_14.o \
  dist/default/debug\UART2way.X.debug.o 

Object code version is 3.11

Machine type is 18F47K42



                Name                               Link     Load   Length Selector   Space Scale
C:\Users\Tyler\AppData\Local\Temp\xcAso6o.\driver_tmp_14.o
                config                           300000   300000        A        0       4
                init                                 1A       1A        4        4       0
                reset_vec                             0        0        4        0       0
dist/default/debug\UART2way.X.debug.o
                config                           300000   300000        A        0       4
                mediumconst                        FEFE     FEFE      102     7F7F       0
                ivt0x8                                8        8       12        4       0
                text36                            10C62    10C62        2     8000       0
                text35                            10C60    10C60        2     8000       0
                text34                            10C0E    10C0E       16     8000       0
                text33                            10A7C    10A7C       36     8000       0
                text32                            10700    10700       78     8000       0
                text31                            10BF8    10BF8       16     8000       0
                text30                            1095A    1095A       50     8000       0
                text29                            10BC2    10BC2       1E     8000       0
                text28                            102D8    102D8       D8     8000       0
                text27                            10678    10678       88     8000       0
                text26                            109AA    109AA       4E     8000       0
                text25                            10BA4    10BA4       1E     8000       0
                text24                            10778    10778       76     8000       0
                text23                            10122    10122       DC     8000       0
                text22                            10000    10000      122     8000       0
                text21                            10A44    10A44       38     8000       0
                text20                            10474    10474       C0     8000       0
                text19                            10BE0    10BE0       18     8000       0
                text18                            10C52    10C52        E     8000       0
                text17                            10C44    10C44        E     8000       0
                text16                            10C36    10C36        E     8000       0
                text15                            109F8    109F8       4C     8000       0
                text14                            103B0    103B0       C4     8000       0
                text13                            10B1E    10B1E       24     8000       0
                text12                            10AFA    10AFA       24     8000       0
                text11                            10AD6    10AD6       24     8000       0
                text10                            10534    10534       BA     8000       0
                text9                             10C24    10C24       12     8000       0
                text8                             10AB2    10AB2       24     8000       0
                text7                             10B84    10B84       20     8000       0
                text6                             10856    10856       60     8000       0
                text5                             10B42    10B42       22     8000       0
                text4                             101FE    101FE       DA     8000       0
                text3                             105EE    105EE       8A     8000       0
                text2                             10908    10908       52     8000       0
                text1                             10B64    10B64       20     8000       0
                text0                             107EE    107EE       68     8000       0
                cstackCOMRAM                          1        1       23        1       1
                cstackBANK0                          8D       8D       1A       60       1
                bssBANK2                            200      200      100      200       1
                bssBANK1                            100      100      100      100       1
                bssBANK0                             60       60       2D       60       1
                bssCOMRAM                            24       24       22        1       1
                cinit                             108B6    108B6       52     8000       0
                nvBANK0                              A7       A7        6       60       1

TOTAL           Name                               Link     Load   Length     Space
        CLASS   CODE           
                init                                 1A       1A        4         0
                reset_vec                             0        0        4         0
                ivt0x8                                8        8       12         0
                text36                            10C62    10C62        2         0
                text35                            10C60    10C60        2         0
                text34                            10C0E    10C0E       16         0
                text33                            10A7C    10A7C       36         0
                text32                            10700    10700       78         0
                text31                            10BF8    10BF8       16         0
                text30                            1095A    1095A       50         0
                text29                            10BC2    10BC2       1E         0
                text28                            102D8    102D8       D8         0
                text27                            10678    10678       88         0
                text26                            109AA    109AA       4E         0
                text25                            10BA4    10BA4       1E         0
                text24                            10778    10778       76         0
                text23                            10122    10122       DC         0
                text22                            10000    10000      122         0
                text21                            10A44    10A44       38         0
                text20                            10474    10474       C0         0
                text19                            10BE0    10BE0       18         0
                text18                            10C52    10C52        E         0
                text17                            10C44    10C44        E         0
                text16                            10C36    10C36        E         0
                text15                            109F8    109F8       4C         0
                text14                            103B0    103B0       C4         0
                text13                            10B1E    10B1E       24         0
                text12                            10AFA    10AFA       24         0
                text11                            10AD6    10AD6       24         0
                text10                            10534    10534       BA         0
                text9                             10C24    10C24       12         0
                text8                             10AB2    10AB2       24         0
                text7                             10B84    10B84       20         0
                text6                             10856    10856       60         0
                text5                             10B42    10B42       22         0
                text4                             101FE    101FE       DA         0
                text3                             105EE    105EE       8A         0
                text2                             10908    10908       52         0
                text1                             10B64    10B64       20         0
                text0                             107EE    107EE       68         0
                cinit                             108B6    108B6       52         0

        CLASS   CONST          

        CLASS   SMALLCONST     

        CLASS   MEDIUMCONST    
                mediumconst                        FEFE     FEFE      102         0

        CLASS   COMRAM         
                cstackCOMRAM                          1        1       23         1
                bssCOMRAM                            24       24       22         1

        CLASS   ABS1           

        CLASS   BIGRAM         

        CLASS   RAM            

        CLASS   BANK0          
                cstackBANK0                          8D       8D       1A         1
                bssBANK0                             60       60       2D         1
                nvBANK0                              A7       A7        6         1

        CLASS   BANK1          
                bssBANK1                            100      100      100         1

        CLASS   BANK2          
                bssBANK2                            200      200      100         1

        CLASS   BANK3          

        CLASS   BANK4          

        CLASS   BANK5          

        CLASS   BANK6          

        CLASS   BANK7          

        CLASS   BANK8          

        CLASS   BANK9          

        CLASS   BANK10         

        CLASS   BANK11         

        CLASS   BANK12         

        CLASS   BANK13         

        CLASS   BANK14         

        CLASS   BANK15         

        CLASS   BANK16         

        CLASS   BANK17         

        CLASS   BANK18         

        CLASS   BANK19         

        CLASS   BANK20         

        CLASS   BANK21         

        CLASS   BANK22         

        CLASS   BANK23         

        CLASS   BANK24         

        CLASS   BANK25         

        CLASS   BANK26         

        CLASS   BANK27         

        CLASS   BANK28         

        CLASS   BANK29         

        CLASS   BANK30         

        CLASS   BANK31         

        CLASS   SFR            

        CLASS   BIGSFR         

        CLASS   CONFIG         
                config                           300000   300000        A         4

        CLASS   IDLOC          

        CLASS   EEDATA         

        CLASS   FARRAM         

        CLASS   HEAP           

        CLASS   STACK          



SEGMENTS        Name                           Load    Length   Top    Selector   Space  Class

                reset_vec                      000000  000004  000004         0       0  CODE    
                cstackCOMRAM                   000001  000045  000046         1       1  COMRAM  
                ivt0x8                         000008  000016  00001E         4       0  CODE    
                bssBANK0                       000060  00004D  0000AD        60       1  BANK0   
                bssBANK1                       000100  000100  000200       100       1  BANK1   
                bssBANK2                       000200  000100  000300       200       1  BANK2   
                mediumconst                    00FEFE  000102  010000      7F7F       0  MEDIUMCO
                text22                         010000  000C64  010C64      8000       0  CODE    


UNUSED ADDRESS RANGES

        Name                Unused          Largest block    Delta
        BANK0            0000AD-0000FF               53
        BANK10           000A00-000AFF              100
        BANK11           000B00-000BFF              100
        BANK12           000C00-000CFF              100
        BANK13           000D00-000DFF              100
        BANK14           000E00-000EFF              100
        BANK15           000F00-000FFF              100
        BANK16           001000-0010FF              100
        BANK17           001100-0011FF              100
        BANK18           001200-0012FF              100
        BANK19           001300-0013FF              100
        BANK20           001400-0014FF              100
        BANK21           001500-0015FF              100
        BANK22           001600-0016FF              100
        BANK23           001700-0017FF              100
        BANK24           001800-0018FF              100
        BANK25           001900-0019FF              100
        BANK26           001A00-001AFF              100
        BANK27           001B00-001BFF              100
        BANK28           001C00-001CFF              100
        BANK29           001D00-001DFF              100
        BANK3            000300-0003FF              100
        BANK30           001E00-001EFF              100
        BANK31           001F00-001FFF              100
        BANK4            000400-0004FF              100
        BANK5            000500-0005FF              100
        BANK6            000600-0006FF              100
        BANK7            000700-0007FF              100
        BANK8            000800-0008FF              100
        BANK9            000900-0009FF              100
        BIGRAM           000046-00005F               1A
                         0000AD-0000FF               53
                         000300-001FFF             1D00
        BIGSFR           003800-003FFF              800
        CODE             000004-000007                4
                         00001E-00FEFD             FEE0
                         010C64-01FFFF             F39C
        COMRAM           000046-00005F               1A
        CONST            000004-000007                4
                         00001E-00FEFD             FEE0
                         010C64-01FFFF             F39C
        EEDATA           310000-3103FF              400
        IDLOC            200000-20000F               10
        MEDIUMCONST      002000-00FEFD             DEFE
                         012000-01FFFF             E000
        RAM              0000AD-0000FF               53
                         000300-001FFF              100
        SFR              003800-003FFF              100
        SMALLCONST       002000-00FEFD              100
                         010C64-01FFFF              100

                                  Symbol Table

?_printf                                           cstackBANK0  0000A4
?_strcmp                                           cstackCOMRAM 000001
?_vfprintf                                         cstackBANK0  00009D
?i2_printf                                         cstackCOMRAM 000018
?i2_vfprintf                                       cstackCOMRAM 000011
INT0_SetInterruptHandler@InterruptHandler          cstackBANK0  00008D
INT1_SetInterruptHandler@InterruptHandler          cstackBANK0  00008D
INT2_SetInterruptHandler@InterruptHandler          cstackBANK0  00008D
INTSTAT_ADDR                                       (abs)        0000D3
IVTBASEH                                           (abs)        003FD6
IVTBASEL                                           (abs)        003FD5
IVTBASEU                                           (abs)        003FD7
UART2_FramingErrorCallbackRegister@callbackHandler cstackBANK0  00008D
UART2_OverrunErrorCallbackRegister@callbackHandler cstackBANK0  00008D
UART2_ParityErrorCallbackRegister@callbackHandler  cstackBANK0  00008D
UART2_Read@readValue                               cstackCOMRAM 000002
UART2_Read@tempRxTail                              cstackCOMRAM 000001
UART2_ReceiveISR@regValue                          cstackCOMRAM 00001C
UART2_ReceiveISR@tempRxHead                        cstackCOMRAM 00001D
UART2_RxCompleteCallbackRegister@callbackHandler   cstackBANK0  00008D
UART2_TransmitISR@tempTxTail                       cstackCOMRAM 000001
UART2_Write@tempTxHead                             cstackBANK0  00008D
UART2_Write@txData                                 cstackBANK0  00008E
UART_executeCommand@command                        cstackCOMRAM 00001B
_ANSELA                                            (abs)        003A40
_ANSELB                                            (abs)        003A50
_ANSELC                                            (abs)        003A60
_ANSELD                                            (abs)        003A70
_ANSELE                                            (abs)        003A80
_CLOCK_Initialize                                  text19       010BE0
_INLVLA                                            (abs)        003A44
_INLVLB                                            (abs)        003A54
_INLVLC                                            (abs)        003A64
_INLVLD                                            (abs)        003A74
_INLVLE                                            (abs)        003A84
_INT0_DefaultInterruptHandler                      (abs)        000000
_INT0_InterruptHandler                             bssCOMRAM    000036
_INT0_SetInterruptHandler                          text18       010C52
_INT1_DefaultInterruptHandler                      (abs)        000000
_INT1_InterruptHandler                             bssCOMRAM    000033
_INT1_SetInterruptHandler                          text17       010C44
_INT2_DefaultInterruptHandler                      (abs)        000000
_INT2_InterruptHandler                             bssCOMRAM    000030
_INT2_SetInterruptHandler                          text16       010C36
_INTCON0bits                                       (abs)        003FD2
_INTERRUPT_Initialize                              text15       0109F8
_INTERRUPT_InterruptManager                        text20       010474
_IOCAF                                             (abs)        003A47
_IOCAN                                             (abs)        003A46
_IOCAP                                             (abs)        003A45
_IOCBF                                             (abs)        003A57
_IOCBN                                             (abs)        003A56
_IOCBP                                             (abs)        003A55
_IOCCF                                             (abs)        003A67
_IOCCN                                             (abs)        003A66
_IOCCP                                             (abs)        003A65
_IOCEF                                             (abs)        003A87
_IOCEN                                             (abs)        003A86
_IOCEP                                             (abs)        003A85
_LATA                                              (abs)        003FBA
_LATB                                              (abs)        003FBB
_LATC                                              (abs)        003FBC
_LATD                                              (abs)        003FBD
_LATE                                              (abs)        003FBE
_ODCONA                                            (abs)        003A42
_ODCONB                                            (abs)        003A52
_ODCONC                                            (abs)        003A62
_ODCOND                                            (abs)        003A72
_ODCONE                                            (abs)        003A82
_OSCCON1                                           (abs)        0039D9
_OSCCON3                                           (abs)        0039DB
_OSCEN                                             (abs)        0039DD
_OSCFRQ                                            (abs)        0039DF
_OSCTUNE                                           (abs)        0039DE
_PIE6bits                                          (abs)        003996
_PIN_MANAGER_Initialize                            text14       0103B0
_PIR1bits                                          (abs)        0039A1
_PIR5bits                                          (abs)        0039A5
_PIR6bits                                          (abs)        0039A6
_PIR7bits                                          (abs)        0039A7
_PORTBbits                                         (abs)        003FCB
_RB1I2C                                            (abs)        003A5A
_RB2I2C                                            (abs)        003A5B
_RC3I2C                                            (abs)        003A6A
_RC4I2C                                            (abs)        003A6B
_RD0I2C                                            (abs)        003A7A
_RD0PPS                                            (abs)        003A18
_RD1I2C                                            (abs)        003A7B
_SLRCONA                                           (abs)        003A43
_SLRCONB                                           (abs)        003A53
_SLRCONC                                           (abs)        003A63
_SLRCOND                                           (abs)        003A73
_SLRCONE                                           (abs)        003A83
_SYSTEM_Initialize                                 text9        010C24
_TRISA                                             (abs)        003FC2
_TRISB                                             (abs)        003FC3
_TRISC                                             (abs)        003FC4
_TRISD                                             (abs)        003FC5
_TRISE                                             (abs)        003FC6
_U2BRGH                                            (abs)        003DDE
_U2BRGL                                            (abs)        003DDD
_U2CON0                                            (abs)        003DDA
_U2CON0bits                                        (abs)        003DDA
_U2CON1                                            (abs)        003DDB
_U2CON1bits                                        (abs)        003DDB
_U2CON2                                            (abs)        003DDC
_U2ERRIE                                           (abs)        003DE2
_U2ERRIR                                           (abs)        003DE1
_U2ERRIRbits                                       (abs)        003DE1
_U2FIFO                                            (abs)        003DDF
_U2P1L                                             (abs)        003DD4
_U2P2L                                             (abs)        003DD6
_U2P3L                                             (abs)        003DD8
_U2RXB                                             (abs)        003DD0
_U2RXPPS                                           (abs)        003AE8
_U2TXB                                             (abs)        003DD2
_U2UIR                                             (abs)        003DE0
_U2UIRbits                                         (abs)        003DE0
_UART2                                             mediumconst  00FEFF
_UART2_AutoBaudQuery                               (abs)        000000
_UART2_AutoBaudSet                                 (abs)        000000
_UART2_DefaultFramingErrorCallback                 text36       010C62
_UART2_DefaultOverrunErrorCallback                 text35       010C60
_UART2_DefaultParityErrorCallback                  (abs)        000000
_UART2_Deinitialize                                (abs)        000000
_UART2_ErrorGet                                    (abs)        000000
_UART2_FramingErrorCallbackRegister                text13       010B1E
_UART2_FramingErrorHandler                         bssCOMRAM    00002D
_UART2_Initialize                                  text10       010534
_UART2_IsRxReady                                   text34       010C0E
_UART2_IsTxDone                                    (abs)        000000
_UART2_IsTxReady                                   text7        010B84
_UART2_IsTxReady$intlevel0                         text7        010B8E
_UART2_OverrunErrorCallbackRegister                text12       010AFA
_UART2_OverrunErrorHandler                         bssCOMRAM    00002A
_UART2_ParityErrorCallbackRegister                 text11       010AD6
_UART2_ParityErrorHandler                          bssBANK0     000080
_UART2_Read                                        text33       010A7C
_UART2_ReceiveISR                                  text22       010000
_UART2_RxCompleteCallbackRegister                  text8        010AB2
_UART2_RxCompleteInterruptHandler                  bssCOMRAM    000024
_UART2_RxInterruptHandler                          nvBANK0      0000A7
_UART2_TransmitDisable                             (abs)        000000
_UART2_TransmitEnable                              (abs)        000000
_UART2_TransmitISR                                 text21       010A44
_UART2_TxCompleteCallbackRegister                  (abs)        000000
_UART2_TxCompleteInterruptHandler                  bssCOMRAM    000027
_UART2_TxInterruptHandler                          nvBANK0      0000AA
_UART2_Write                                       text6        010856
_UART2_Write$intlevel0                             text6        010860
_UART_ProcessCommand                               text23       010122
_UART_executeCommand                               text24       010778
_WPUA                                              (abs)        003A41
_WPUB                                              (abs)        003A51
_WPUC                                              (abs)        003A61
_WPUD                                              (abs)        003A71
_WPUE                                              (abs)        003A81
__HRAM                                             (abs)        000000
__H__absolute__                                    __absolute__ 000000
__Habs1                                            abs1         000000
__Hbank0                                           bank0        000000
__Hbank1                                           bank1        000000
__Hbank10                                          bank10       000000
__Hbank11                                          bank11       000000
__Hbank12                                          bank12       000000
__Hbank13                                          bank13       000000
__Hbank14                                          bank14       000000
__Hbank15                                          bank15       000000
__Hbank16                                          bank16       000000
__Hbank17                                          bank17       000000
__Hbank18                                          bank18       000000
__Hbank19                                          bank19       000000
__Hbank2                                           bank2        000000
__Hbank20                                          bank20       000000
__Hbank21                                          bank21       000000
__Hbank22                                          bank22       000000
__Hbank23                                          bank23       000000
__Hbank24                                          bank24       000000
__Hbank25                                          bank25       000000
__Hbank26                                          bank26       000000
__Hbank27                                          bank27       000000
__Hbank28                                          bank28       000000
__Hbank29                                          bank29       000000
__Hbank3                                           bank3        000000
__Hbank30                                          bank30       000000
__Hbank31                                          bank31       000000
__Hbank4                                           bank4        000000
__Hbank5                                           bank5        000000
__Hbank6                                           bank6        000000
__Hbank7                                           bank7        000000
__Hbank8                                           bank8        000000
__Hbank9                                           bank9        000000
__Hbigbss                                          bigbss       000000
__Hbigdata                                         bigdata      000000
__Hbigram                                          bigram       000000
__Hbigsfr                                          bigsfr       000000
__Hbss                                             bss          000000
__HbssBANK0                                        bssBANK0     000000
__HbssBANK1                                        bssBANK1     000000
__HbssBANK2                                        bssBANK2     000000
__HbssCOMRAM                                       bssCOMRAM    000000
__Hcinit                                           cinit        000000
__Hclrtext                                         clrtext      000000
__Hcomram                                          comram       000000
__Hconfig                                          config       30000A
__Hconst                                           const        000000
__HcstackBANK0                                     cstackBANK0  000000
__HcstackCOMRAM                                    cstackCOMRAM 000000
__Hdata                                            data         000000
__Heeprom_data                                     eeprom_data  000000
__Hfarbss                                          farbss       000000
__Hfardata                                         fardata      000000
__Hheap                                            heap         000000
__Hibigdata                                        ibigdata     000000
__Hidata                                           idata        000000
__Hidloc                                           idloc        000000
__Hifardata                                        ifardata     000000
__Hinit                                            init         00001E
__Hintsave_regs                                    intsave_regs 000000
__Hirdata                                          irdata       000000
__Hivt0x8                                          ivt0x8       00001A
__Hmediumconst                                     mediumconst  010000
__HnvBANK0                                         nvBANK0      000000
__HnvFARRAM                                        nvFARRAM     000000
__Hnvbit                                           nvbit        000000
__Hnvrram                                          nvrram       000000
__Hparam                                           rparam       000000
__Hpowerup                                         powerup      000000
__Hram                                             ram          000000
__Hramtop                                          ramtop       002000
__Hrbit                                            rbit         000000
__Hrbss                                            rbss         000000
__Hrdata                                           rdata        000000
__Hreset_vec                                       reset_vec    000004
__Hrparam                                          rparam       000000
__Hsfr                                             sfr          000000
__Hsmallconst                                      smallconst   000000
__Hspace_0                                         (abs)        010C64
__Hspace_1                                         (abs)        000300
__Hspace_2                                         (abs)        000000
__Hspace_4                                         (abs)        60000A
__Hstack                                           stack        000000
__Hstruct                                          struct       000000
__Htemp                                            temp         000000
__Htext                                            text         000000
__Htext0                                           text0        000000
__Htext1                                           text1        000000
__Htext10                                          text10       000000
__Htext11                                          text11       000000
__Htext12                                          text12       000000
__Htext13                                          text13       000000
__Htext14                                          text14       000000
__Htext15                                          text15       000000
__Htext16                                          text16       000000
__Htext17                                          text17       000000
__Htext18                                          text18       000000
__Htext19                                          text19       000000
__Htext2                                           text2        000000
__Htext20                                          text20       000000
__Htext21                                          text21       000000
__Htext22                                          text22       000000
__Htext23                                          text23       000000
__Htext24                                          text24       000000
__Htext25                                          text25       000000
__Htext26                                          text26       000000
__Htext27                                          text27       000000
__Htext28                                          text28       000000
__Htext29                                          text29       000000
__Htext3                                           text3        000000
__Htext30                                          text30       000000
__Htext31                                          text31       000000
__Htext32                                          text32       000000
__Htext33                                          text33       000000
__Htext34                                          text34       000000
__Htext35                                          text35       000000
__Htext36                                          text36       000000
__Htext4                                           text4        000000
__Htext5                                           text5        000000
__Htext6                                           text6        000000
__Htext7                                           text7        000000
__Htext8                                           text8        000000
__Htext9                                           text9        000000
__LRAM                                             (abs)        000001
__L__absolute__                                    __absolute__ 000000
__Labs1                                            abs1         000000
__Lbank0                                           bank0        000000
__Lbank1                                           bank1        000000
__Lbank10                                          bank10       000000
__Lbank11                                          bank11       000000
__Lbank12                                          bank12       000000
__Lbank13                                          bank13       000000
__Lbank14                                          bank14       000000
__Lbank15                                          bank15       000000
__Lbank16                                          bank16       000000
__Lbank17                                          bank17       000000
__Lbank18                                          bank18       000000
__Lbank19                                          bank19       000000
__Lbank2                                           bank2        000000
__Lbank20                                          bank20       000000
__Lbank21                                          bank21       000000
__Lbank22                                          bank22       000000
__Lbank23                                          bank23       000000
__Lbank24                                          bank24       000000
__Lbank25                                          bank25       000000
__Lbank26                                          bank26       000000
__Lbank27                                          bank27       000000
__Lbank28                                          bank28       000000
__Lbank29                                          bank29       000000
__Lbank3                                           bank3        000000
__Lbank30                                          bank30       000000
__Lbank31                                          bank31       000000
__Lbank4                                           bank4        000000
__Lbank5                                           bank5        000000
__Lbank6                                           bank6        000000
__Lbank7                                           bank7        000000
__Lbank8                                           bank8        000000
__Lbank9                                           bank9        000000
__Lbigbss                                          bigbss       000000
__Lbigdata                                         bigdata      000000
__Lbigram                                          bigram       000000
__Lbigsfr                                          bigsfr       000000
__Lbss                                             bss          000000
__LbssBANK0                                        bssBANK0     000000
__LbssBANK1                                        bssBANK1     000000
__LbssBANK2                                        bssBANK2     000000
__LbssCOMRAM                                       bssCOMRAM    000000
__Lcinit                                           cinit        000000
__Lclrtext                                         clrtext      000000
__Lcomram                                          comram       000000
__Lconfig                                          config       000000
__Lconst                                           const        000000
__LcstackBANK0                                     cstackBANK0  000000
__LcstackCOMRAM                                    cstackCOMRAM 000000
__Ldata                                            data         000000
__Leeprom_data                                     eeprom_data  000000
__Lfarbss                                          farbss       000000
__Lfardata                                         fardata      000000
__Lheap                                            heap         000000
__Libigdata                                        ibigdata     000000
__Lidata                                           idata        000000
__Lidloc                                           idloc        000000
__Lifardata                                        ifardata     000000
__Linit                                            init         00001A
__Lintsave_regs                                    intsave_regs 000000
__Lirdata                                          irdata       000000
__Livt0x8                                          ivt0x8       000008
__Lmediumconst                                     mediumconst  00FEFE
__LnvBANK0                                         nvBANK0      000000
__LnvFARRAM                                        nvFARRAM     000000
__Lnvbit                                           nvbit        000000
__Lnvrram                                          nvrram       000000
__Lparam                                           rparam       000000
__Lpowerup                                         powerup      000000
__Lram                                             ram          000000
__Lramtop                                          ramtop       002000
__Lrbit                                            rbit         000000
__Lrbss                                            rbss         000000
__Lrdata                                           rdata        000000
__Lreset_vec                                       reset_vec    000000
__Lrparam                                          rparam       000000
__Lsfr                                             sfr          000000
__Lsmallconst                                      smallconst   000000
__Lspace_0                                         (abs)        000000
__Lspace_1                                         (abs)        000000
__Lspace_2                                         (abs)        000000
__Lspace_4                                         (abs)        000000
__Lstack                                           stack        000000
__Lstruct                                          struct       000000
__Ltemp                                            temp         000000
__Ltext                                            text         000000
__Ltext0                                           text0        000000
__Ltext1                                           text1        000000
__Ltext10                                          text10       000000
__Ltext11                                          text11       000000
__Ltext12                                          text12       000000
__Ltext13                                          text13       000000
__Ltext14                                          text14       000000
__Ltext15                                          text15       000000
__Ltext16                                          text16       000000
__Ltext17                                          text17       000000
__Ltext18                                          text18       000000
__Ltext19                                          text19       000000
__Ltext2                                           text2        000000
__Ltext20                                          text20       000000
__Ltext21                                          text21       000000
__Ltext22                                          text22       000000
__Ltext23                                          text23       000000
__Ltext24                                          text24       000000
__Ltext25                                          text25       000000
__Ltext26                                          text26       000000
__Ltext27                                          text27       000000
__Ltext28                                          text28       000000
__Ltext29                                          text29       000000
__Ltext3                                           text3        000000
__Ltext30                                          text30       000000
__Ltext31                                          text31       000000
__Ltext32                                          text32       000000
__Ltext33                                          text33       000000
__Ltext34                                          text34       000000
__Ltext35                                          text35       000000
__Ltext36                                          text36       000000
__Ltext4                                           text4        000000
__Ltext5                                           text5        000000
__Ltext6                                           text6        000000
__Ltext7                                           text7        000000
__Ltext8                                           text8        000000
__Ltext9                                           text9        000000
__S0                                               (abs)        010C64
__S1                                               (abs)        000300
__S4                                               (abs)        000000
__S5                                               (abs)        000000
___heap_hi                                         (abs)        000000
___heap_lo                                         (abs)        000000
___inthi_sp                                        stack        000000
___inthi_stack_hi                                  stack        000000
___inthi_stack_lo                                  stack        000000
___intlo_sp                                        stack        000000
___intlo_stack_hi                                  stack        000000
___intlo_stack_lo                                  stack        000000
___param_bank                                      (abs)        000000
___rparam_used                                     (abs)        000001
___sp                                              stack        000000
___stack_hi                                        stack        000000
___stack_lo                                        stack        000000
__accesstop                                        (abs)        000060
__activetblptr                                     (abs)        000003
__end_of_CLOCK_Initialize                          text19       010BF8
__end_of_INT0_SetInterruptHandler                  text18       010C60
__end_of_INT1_SetInterruptHandler                  text17       010C52
__end_of_INT2_SetInterruptHandler                  text16       010C44
__end_of_INTERRUPT_Initialize                      text15       010A44
__end_of_INTERRUPT_InterruptManager                text20       010534
__end_of_PIN_MANAGER_Initialize                    text14       010474
__end_of_SYSTEM_Initialize                         text9        010C36
__end_of_UART2                                     mediumconst  00FF47
__end_of_UART2_DefaultFramingErrorCallback         text36       010C64
__end_of_UART2_DefaultOverrunErrorCallback         text35       010C62
__end_of_UART2_FramingErrorCallbackRegister        text13       010B42
__end_of_UART2_Initialize                          text10       0105EE
__end_of_UART2_IsRxReady                           text34       010C24
__end_of_UART2_IsTxReady                           text7        010BA4
__end_of_UART2_OverrunErrorCallbackRegister        text12       010B1E
__end_of_UART2_ParityErrorCallbackRegister         text11       010AFA
__end_of_UART2_Read                                text33       010AB2
__end_of_UART2_ReceiveISR                          text22       010122
__end_of_UART2_RxCompleteCallbackRegister          text8        010AD6
__end_of_UART2_TransmitISR                         text21       010A7C
__end_of_UART2_Write                               text6        0108B6
__end_of_UART_ProcessCommand                       text23       0101FE
__end_of_UART_executeCommand                       text24       0107EE
__end_of__initialization                           cinit        010902
__end_of_fputc                                     text4        0102D8
__end_of_main                                      text0        010856
__end_of_printf                                    text1        010B84
__end_of_putch                                     text5        010B64
__end_of_strcmp                                    text32       010778
__end_of_vfpfcnvrt                                 text3        010678
__end_of_vfprintf                                  text2        01095A
__end_ofi2_UART2_IsTxReady                         text31       010C0E
__end_ofi2_UART2_Write                             text30       0109AA
__end_ofi2_fputc                                   text28       0103B0
__end_ofi2_printf                                  text25       010BC2
__end_ofi2_putch                                   text29       010BE0
__end_ofi2_vfpfcnvrt                               text27       010700
__end_ofi2_vfprintf                                text26       0109F8
__initialization                                   cinit        0108B6
__mediumconst                                      mediumconst  00FEFE
__pbssBANK0                                        bssBANK0     000060
__pbssBANK1                                        bssBANK1     000100
__pbssBANK2                                        bssBANK2     000200
__pbssCOMRAM                                       bssCOMRAM    000024
__pcinit                                           cinit        0108B6
__pcstackBANK0                                     cstackBANK0  00008D
__pcstackCOMRAM                                    cstackCOMRAM 000001
__pivt0x8                                          ivt0x8       000008
__pmediumconst                                     mediumconst  00FEFE
__pnvBANK0                                         nvBANK0      0000A7
__ptext0                                           text0        0107EE
__ptext1                                           text1        010B64
__ptext10                                          text10       010534
__ptext11                                          text11       010AD6
__ptext12                                          text12       010AFA
__ptext13                                          text13       010B1E
__ptext14                                          text14       0103B0
__ptext15                                          text15       0109F8
__ptext16                                          text16       010C36
__ptext17                                          text17       010C44
__ptext18                                          text18       010C52
__ptext19                                          text19       010BE0
__ptext2                                           text2        010908
__ptext20                                          text20       010474
__ptext21                                          text21       010A44
__ptext22                                          text22       010000
__ptext23                                          text23       010122
__ptext24                                          text24       010778
__ptext25                                          text25       010BA4
__ptext26                                          text26       0109AA
__ptext27                                          text27       010678
__ptext28                                          text28       0102D8
__ptext29                                          text29       010BC2
__ptext3                                           text3        0105EE
__ptext30                                          text30       01095A
__ptext31                                          text31       010BF8
__ptext32                                          text32       010700
__ptext33                                          text33       010A7C
__ptext34                                          text34       010C0E
__ptext35                                          text35       010C60
__ptext36                                          text36       010C62
__ptext4                                           text4        0101FE
__ptext5                                           text5        010B42
__ptext6                                           text6        010856
__ptext7                                           text7        010B84
__ptext8                                           text8        010AB2
__ptext9                                           text9        010C24
__ramtop                                           ramtop       002000
__smallconst                                       smallconst   000000
_command                                           bssBANK0     000085
_flags                                             bssCOMRAM    00003D
_fputc                                             text4        0101FE
_index                                             bssCOMRAM    000045
_main                                              text0        0107EE
_prec                                              bssCOMRAM    000039
_printf                                            text1        010B64
_putch                                             text5        010B42
_read_msg                                          bssCOMRAM    000044
_strcmp                                            text32       010700
_uart2RxBuffer                                     bssBANK1     000100
_uart2RxCount                                      bssCOMRAM    00003E
_uart2RxHead                                       bssCOMRAM    000040
_uart2RxLastError                                  bssCOMRAM    00003B
_uart2RxStatusBuffer                               bssBANK2     000200
_uart2RxTail                                       bssCOMRAM    00003F
_uart2TxBuffer                                     bssBANK1     000180
_uart2TxBufferRemaining                            bssCOMRAM    000041
_uart2TxHead                                       bssCOMRAM    000043
_uart2TxTail                                       bssCOMRAM    000042
_vfpfcnvrt                                         text3        0105EE
_vfprintf                                          text2        010908
_width                                             bssBANK0     000083
end_of_initialization                              cinit        010902
fputc@c                                            cstackBANK0  000090
fputc@fp                                           cstackBANK0  000092
i2UART2_Write@tempTxHead                           cstackCOMRAM 000001
i2UART2_Write@txData                               cstackCOMRAM 000002
i2_UART2_IsTxReady                                 text31       010BF8
i2_UART2_Write                                     text30       01095A
i2_fputc                                           text28       0102D8
i2_printf                                          text25       010BA4
i2_putch                                           text29       010BC2
i2_vfpfcnvrt                                       text27       010678
i2_vfprintf                                        text26       0109AA
i2fputc@c                                          cstackCOMRAM 000004
i2fputc@fp                                         cstackCOMRAM 000006
i2printf@ap                                        cstackCOMRAM 00001A
i2printf@fmt                                       cstackCOMRAM 000018
i2putch@txData                                     cstackCOMRAM 000003
i2vfpfcnvrt@ap                                     cstackCOMRAM 000010
i2vfpfcnvrt@fmt                                    cstackCOMRAM 00000F
i2vfpfcnvrt@fp                                     cstackCOMRAM 00000D
i2vfprintf@ap                                      cstackCOMRAM 000015
i2vfprintf@cfmt                                    cstackCOMRAM 000016
i2vfprintf@fmt                                     cstackCOMRAM 000013
i2vfprintf@fp                                      cstackCOMRAM 000011
intlevel0                                          text         000000
intlevel1                                          text         000000
intlevel2                                          text         000000
intlevel3                                          text         000000
isa$std                                            (abs)        000001
isa$xinst                                          (abs)        000000
ivt0x8_base                                        ivt0x8       000008
printf@ap                                          cstackBANK0  0000A6
printf@fmt                                         cstackBANK0  0000A4
putch@txData                                       cstackBANK0  00008F
stackhi                                            (abs)        000000
stacklo                                            (abs)        000000
start                                              init         00001A
start_initialization                               cinit        0108B6
strcmp@l                                           cstackCOMRAM 000001
strcmp@r                                           cstackCOMRAM 000002
vfpfcnvrt@ap                                       cstackBANK0  00009C
vfpfcnvrt@fmt                                      cstackBANK0  00009B
vfpfcnvrt@fp                                       cstackBANK0  000099
vfprintf@ap                                        cstackBANK0  0000A1
vfprintf@cfmt                                      cstackBANK0  0000A2
vfprintf@fmt                                       cstackBANK0  00009F
vfprintf@fp                                        cstackBANK0  00009D


MODULE INFORMATION

Module		Function		Class		Link	Load	Size
C:\Program Files\Microchip\xc8\v2.46\pic\sources\c99\common\printf.c
		_printf        		CODE           	10B64	0000	32

C:\Program Files\Microchip\xc8\v2.46\pic\sources\c99\common\printf.c estimated size: 32

C:\Program Files\Microchip\xc8\v2.46\pic\sources\c99\common\nf_fputc.c
		_fputc         		CODE           	101FE	0000	218

C:\Program Files\Microchip\xc8\v2.46\pic\sources\c99\common\nf_fputc.c estimated size: 218

mcc_generated_files/system/src/interrupt.c
		_INT0_SetInterruptHandler		CODE           	10C52	0000	14
		_INT1_SetInterruptHandler		CODE           	10C44	0000	14
		_INT2_SetInterruptHandler		CODE           	10C36	0000	14
		_INTERRUPT_Initialize		CODE           	109F8	0000	76
		_INTERRUPT_InterruptManager		CODE           	10474	0000	192

mcc_generated_files/system/src/interrupt.c estimated size: 310

C:\Program Files\Microchip\xc8\v2.46\pic\sources\c99\common\strcmp.c
		_strcmp        		CODE           	10700	0000	120

C:\Program Files\Microchip\xc8\v2.46\pic\sources\c99\common\strcmp.c estimated size: 120

C:\Program Files\Microchip\xc8\v2.46\pic\sources\c99\common\doprnt.c
		_vfpfcnvrt     		CODE           	105EE	0000	138
		_vfprintf      		CODE           	10908	0000	82

C:\Program Files\Microchip\xc8\v2.46\pic\sources\c99\common\doprnt.c estimated size: 220

mcc_generated_files/system/src/pins.c
		_PIN_MANAGER_Initialize		CODE           	103B0	0000	196

mcc_generated_files/system/src/pins.c estimated size: 196

shared
		i2_printf      		CODE           	10BA4	0000	30
		i2_vfpfcnvrt   		CODE           	10678	0000	136
		i2_putch       		CODE           	10BC2	0000	30
		i2_vfprintf    		CODE           	109AA	0000	78
		i2_UART2_Write 		CODE           	1095A	0000	80
		__initialization		CODE           	108B6	0000	76
		i2_UART2_IsTxReady		CODE           	10BF8	0000	22
		_UART2         		MEDIUMCONST    	FEFF	0000	72
		i2_fputc       		CODE           	102D8	0000	216

shared estimated size: 740

mcc_generated_files/system/src/clock.c
		_CLOCK_Initialize		CODE           	10BE0	0000	24

mcc_generated_files/system/src/clock.c estimated size: 24

main.c
		_UART_ProcessCommand		CODE           	10122	0000	220
		_main          		CODE           	107EE	0000	104
		_UART_executeCommand		CODE           	10778	0000	118

main.c estimated size: 442

mcc_generated_files/uart/src/uart2.c
		_UART2_TransmitISR		CODE           	10A44	0000	56
		_UART2_ParityErrorCallbackRegister		CODE           	10AD6	0000	36
		_putch         		CODE           	10B42	0000	34
		_UART2_DefaultOverrunErrorCallback		CODE           	10C60	0000	2
		_UART2_RxCompleteCallbackRegister		CODE           	10AB2	0000	36
		_UART2_IsRxReady		CODE           	10C0E	0000	22
		_UART2_IsTxReady		CODE           	10B84	0000	32
		_UART2_Write   		CODE           	10856	0000	96
		_UART2_FramingErrorCallbackRegister		CODE           	10B1E	0000	36
		_UART2_OverrunErrorCallbackRegister		CODE           	10AFA	0000	36
		_UART2_ReceiveISR		CODE           	10000	0000	290
		_UART2_Initialize		CODE           	10534	0000	186
		_UART2_Read    		CODE           	10A7C	0000	54
		_UART2_DefaultFramingErrorCallback		CODE           	10C62	0000	2

mcc_generated_files/uart/src/uart2.c estimated size: 918

mcc_generated_files/system/src/system.c
		_SYSTEM_Initialize		CODE           	10C24	0000	18

mcc_generated_files/system/src/system.c estimated size: 18

