Microchip MPLAB XC8 Compiler V2.46

Linker command line:

-W-3 \
  --edf=C:\Program Files\Microchip\xc8\v2.46\pic\dat\20240104201356_en.msgs \
  -pivt0x8=08h -cn -h+dist/default/production\UART2way.X.production.sym \
  --cmf=dist/default/production\UART2way.X.production.cmf -z -Q18F47K42 \
  -oC:\Users\Tyler\AppData\Local\Temp\xcAsjsg.\driver_tmp_3.o \
  --defsym=__MPLAB_BUILD=1 --fixupoverflow=error \
  -Mdist/default/production/UART2way.X.production.map \
  --md=C:\Users\Tyler\AppData\Local\Temp\xcAsjsg.\driver_tmp_0.dat -E1 \
  -ver=XC8 Compiler --acfsm=1493 -ACODE=00h-01FFFFh -ACONST=00h-01FFFFh \
  -ASMALLCONST=02000h-020FFhx480 \
  -AMEDIUMCONST=02000h-0FFFFh,012000h-01FFFFh -ACOMRAM=01h-05Fh \
  -AABS1=00h-01FFFh -ABIGRAM=01h-01FFFh -ARAM=060h-0FFh,0100h-01FFhx31 \
  -ABANK0=060h-0FFh -ABANK1=0100h-01FFh -ABANK2=0200h-02FFh \
  -ABANK3=0300h-03FFh -ABANK4=0400h-04FFh -ABANK5=0500h-05FFh \
  -ABANK6=0600h-06FFh -ABANK7=0700h-07FFh -ABANK8=0800h-08FFh \
  -ABANK9=0900h-09FFh -ABANK10=0A00h-0AFFh -ABANK11=0B00h-0BFFh \
  -ABANK12=0C00h-0CFFh -ABANK13=0D00h-0DFFh -ABANK14=0E00h-0EFFh \
  -ABANK15=0F00h-0FFFh -ABANK16=01000h-010FFh -ABANK17=01100h-011FFh \
  -ABANK18=01200h-012FFh -ABANK19=01300h-013FFh -ABANK20=01400h-014FFh \
  -ABANK21=01500h-015FFh -ABANK22=01600h-016FFh -ABANK23=01700h-017FFh \
  -ABANK24=01800h-018FFh -ABANK25=01900h-019FFh -ABANK26=01A00h-01AFFh \
  -ABANK27=01B00h-01BFFh -ABANK28=01C00h-01CFFh -ABANK29=01D00h-01DFFh \
  -ABANK30=01E00h-01EFFh -ABANK31=01F00h-01FFFh \
  -ASFR=03800h-038FFhx7,03F00h-03F5Fh,03F60h-03FFFh -ABIGSFR=03800h-03FFFh \
  -ACONFIG=0300000h-0300009h -AIDLOC=0200000h-020000Fh \
  -AEEDATA=0310000h-03103FFh -peeprom_data=EEDATA -preset_vec=00h \
  -ppowerup=CODE,init -pramtop=02000h -psmallconst=SMALLCONST \
  -pmediumconst=MEDIUMCONST -pconst=CONST -AFARRAM=00h-00h \
  -prdata=COMRAM,nvrram=COMRAM,nvbit=COMRAM,rbss=COMRAM,rbit=COMRAM \
  -pfarbss=FARRAM,fardata=FARRAM,nvFARRAM=FARRAM \
  -pintsave_regs=BIGRAM,bigbss=BIGRAM,bigdata=BIGRAM -pbss=RAM \
  -pidata=CODE,irdata=CODE,ibigdata=CODE,ifardata=CODE -prparam=COMRAM \
  C:\Users\Tyler\AppData\Local\Temp\xcAsjsg.\driver_tmp_14.o \
  dist/default/production\UART2way.X.production.o 

Object code version is 3.11

Machine type is 18F47K42



                Name                               Link     Load   Length Selector   Space Scale
C:\Users\Tyler\AppData\Local\Temp\xcAsjsg.\driver_tmp_14.o
                config                           300000   300000        A        0       4
                init                                 1A       1A        4        4       0
                reset_vec                             0        0        4        0       0
dist/default/production\UART2way.X.production.o
                config                           300000   300000        A        0       4
                smallconst                         2000     2000       FA     1000       0
                ivt0x8                                8        8       12        4       0
                text36                             2D1E     2D1E        2     107D       0
                text35                             2D1C     2D1C        2     107D       0
                text34                             2CCA     2CCA       16     107D       0
                text33                             2B40     2B40       36     107D       0
                text32                             27E4     27E4       72     107D       0
                text31                             2CB4     2CB4       16     107D       0
                text30                             29D8     29D8       50     107D       0
                text29                             2C48     2C48       1E     107D       0
                text28                             23D2     23D2       D8     107D       0
                text27                             276A     276A       7A     107D       0
                text26                             2AC0     2AC0       48     107D       0
                text25                             2C82     2C82       1A     107D       0
                text24                             28C4     28C4       62     107D       0
                text23                             221C     221C       DC     107D       0
                text22                             20FA     20FA      122     107D       0
                text21                             2B08     2B08       38     107D       0
                text20                             2572     2572       C0     107D       0
                text19                             2C9C     2C9C       18     107D       0
                text18                             2D0E     2D0E        E     107D       0
                text17                             2D00     2D00        E     107D       0
                text16                             2CF2     2CF2        E     107D       0
                text15                             2A74     2A74       4C     107D       0
                text14                             24AA     24AA       C8     107D       0
                text13                             2BE2     2BE2       24     107D       0
                text12                             2BBE     2BBE       24     107D       0
                text11                             2B9A     2B9A       24     107D       0
                text10                             2632     2632       BA     107D       0
                text9                              2CE0     2CE0       12     107D       0
                text8                              2B76     2B76       24     107D       0
                text7                              2C28     2C28       20     107D       0
                text6                              2926     2926       60     107D       0
                text5                              2C06     2C06       22     107D       0
                text4                              22F8     22F8       DA     107D       0
                text3                              26EC     26EC       7E     107D       0
                text2                              2A28     2A28       4C     107D       0
                text1                              2C66     2C66       1C     107D       0
                text0                              2856     2856       6E     107D       0
                cstackCOMRAM                         28       28       20        1       1
                cstackBANK0                          88       88       17       60       1
                bssBANK2                            200      200      100      200       1
                bssBANK1                            100      100      100      100       1
                bssBANK0                             60       60       28       60       1
                bssCOMRAM                             1        1       27        1       1
                cinit                              2986     2986       52     107D       0
                nvBANK0                              9F       9F        6       60       1

TOTAL           Name                               Link     Load   Length     Space
        CLASS   CODE           
                init                                 1A       1A        4         0
                reset_vec                             0        0        4         0
                ivt0x8                                8        8       12         0
                text36                             2D1E     2D1E        2         0
                text35                             2D1C     2D1C        2         0
                text34                             2CCA     2CCA       16         0
                text33                             2B40     2B40       36         0
                text32                             27E4     27E4       72         0
                text31                             2CB4     2CB4       16         0
                text30                             29D8     29D8       50         0
                text29                             2C48     2C48       1E         0
                text28                             23D2     23D2       D8         0
                text27                             276A     276A       7A         0
                text26                             2AC0     2AC0       48         0
                text25                             2C82     2C82       1A         0
                text24                             28C4     28C4       62         0
                text23                             221C     221C       DC         0
                text22                             20FA     20FA      122         0
                text21                             2B08     2B08       38         0
                text20                             2572     2572       C0         0
                text19                             2C9C     2C9C       18         0
                text18                             2D0E     2D0E        E         0
                text17                             2D00     2D00        E         0
                text16                             2CF2     2CF2        E         0
                text15                             2A74     2A74       4C         0
                text14                             24AA     24AA       C8         0
                text13                             2BE2     2BE2       24         0
                text12                             2BBE     2BBE       24         0
                text11                             2B9A     2B9A       24         0
                text10                             2632     2632       BA         0
                text9                              2CE0     2CE0       12         0
                text8                              2B76     2B76       24         0
                text7                              2C28     2C28       20         0
                text6                              2926     2926       60         0
                text5                              2C06     2C06       22         0
                text4                              22F8     22F8       DA         0
                text3                              26EC     26EC       7E         0
                text2                              2A28     2A28       4C         0
                text1                              2C66     2C66       1C         0
                text0                              2856     2856       6E         0
                cinit                              2986     2986       52         0

        CLASS   CONST          

        CLASS   SMALLCONST     
                smallconst                         2000     2000       FA         0

        CLASS   MEDIUMCONST    

        CLASS   COMRAM         
                cstackCOMRAM                         28       28       20         1
                bssCOMRAM                             1        1       27         1

        CLASS   ABS1           

        CLASS   BIGRAM         

        CLASS   RAM            

        CLASS   BANK0          
                cstackBANK0                          88       88       17         1
                bssBANK0                             60       60       28         1
                nvBANK0                              9F       9F        6         1

        CLASS   BANK1          
                bssBANK1                            100      100      100         1

        CLASS   BANK2          
                bssBANK2                            200      200      100         1

        CLASS   BANK3          

        CLASS   BANK4          

        CLASS   BANK5          

        CLASS   BANK6          

        CLASS   BANK7          

        CLASS   BANK8          

        CLASS   BANK9          

        CLASS   BANK10         

        CLASS   BANK11         

        CLASS   BANK12         

        CLASS   BANK13         

        CLASS   BANK14         

        CLASS   BANK15         

        CLASS   BANK16         

        CLASS   BANK17         

        CLASS   BANK18         

        CLASS   BANK19         

        CLASS   BANK20         

        CLASS   BANK21         

        CLASS   BANK22         

        CLASS   BANK23         

        CLASS   BANK24         

        CLASS   BANK25         

        CLASS   BANK26         

        CLASS   BANK27         

        CLASS   BANK28         

        CLASS   BANK29         

        CLASS   BANK30         

        CLASS   BANK31         

        CLASS   SFR            

        CLASS   BIGSFR         

        CLASS   CONFIG         
                config                           300000   300000        A         4

        CLASS   IDLOC          

        CLASS   EEDATA         

        CLASS   FARRAM         

        CLASS   HEAP           

        CLASS   STACK          



SEGMENTS        Name                           Load    Length   Top    Selector   Space  Class

                reset_vec                      000000  000004  000004         0       0  CODE    
                bssCOMRAM                      000001  000047  000048         1       1  COMRAM  
                ivt0x8                         000008  000016  00001E         4       0  CODE    
                bssBANK0                       000060  000045  0000A5        60       1  BANK0   
                bssBANK1                       000100  000100  000200       100       1  BANK1   
                bssBANK2                       000200  000100  000300       200       1  BANK2   
                smallconst                     002000  0000FA  0020FA      1000       0  SMALLCON
                text22                         0020FA  000C26  002D20      107D       0  CODE    


UNUSED ADDRESS RANGES

        Name                Unused          Largest block    Delta
        BANK0            0000A5-0000FF               5B
        BANK10           000A00-000AFF              100
        BANK11           000B00-000BFF              100
        BANK12           000C00-000CFF              100
        BANK13           000D00-000DFF              100
        BANK14           000E00-000EFF              100
        BANK15           000F00-000FFF              100
        BANK16           001000-0010FF              100
        BANK17           001100-0011FF              100
        BANK18           001200-0012FF              100
        BANK19           001300-0013FF              100
        BANK20           001400-0014FF              100
        BANK21           001500-0015FF              100
        BANK22           001600-0016FF              100
        BANK23           001700-0017FF              100
        BANK24           001800-0018FF              100
        BANK25           001900-0019FF              100
        BANK26           001A00-001AFF              100
        BANK27           001B00-001BFF              100
        BANK28           001C00-001CFF              100
        BANK29           001D00-001DFF              100
        BANK3            000300-0003FF              100
        BANK30           001E00-001EFF              100
        BANK31           001F00-001FFF              100
        BANK4            000400-0004FF              100
        BANK5            000500-0005FF              100
        BANK6            000600-0006FF              100
        BANK7            000700-0007FF              100
        BANK8            000800-0008FF              100
        BANK9            000900-0009FF              100
        BIGRAM           000048-00005F               18
                         0000A5-0000FF               5B
                         000300-001FFF             1D00
        BIGSFR           003800-003FFF              800
        CODE             000004-000007                4
                         00001E-001FFF             1FE2
                         002D20-01FFFF            1D2E0
        COMRAM           000048-00005F               18
        CONST            000004-000007                4
                         00001E-001FFF             1FE2
                         002D20-01FFFF            1D2E0
        EEDATA           310000-3103FF              400
        IDLOC            200000-20000F               10
        MEDIUMCONST      002D20-00FFFF             D2E0
                         012000-01FFFF             E000
        RAM              0000A5-0000FF               5B
                         000300-001FFF              100
        SFR              003800-003FFF              100
        SMALLCONST       002D20-01FFFF              100

                                  Symbol Table

?_printf                                           cstackBANK0  00009D
?_strcmp                                           cstackCOMRAM 000028
?_vfprintf                                         cstackBANK0  000098
?i2_printf                                         cstackCOMRAM 00003D
?i2_vfprintf                                       cstackCOMRAM 000038
INT0_SetInterruptHandler@InterruptHandler          cstackBANK0  000088
INT1_SetInterruptHandler@InterruptHandler          cstackBANK0  000088
INT2_SetInterruptHandler@InterruptHandler          cstackBANK0  000088
INTSTAT_ADDR                                       (abs)        0000D3
IVTBASEH                                           (abs)        003FD6
IVTBASEL                                           (abs)        003FD5
IVTBASEU                                           (abs)        003FD7
UART2_FramingErrorCallbackRegister@callbackHandler cstackBANK0  000088
UART2_OverrunErrorCallbackRegister@callbackHandler cstackBANK0  000088
UART2_ParityErrorCallbackRegister@callbackHandler  cstackBANK0  000088
UART2_Read@readValue                               cstackCOMRAM 000029
UART2_Read@tempRxTail                              cstackCOMRAM 000028
UART2_ReceiveISR@regValue                          cstackCOMRAM 000040
UART2_ReceiveISR@tempRxHead                        cstackCOMRAM 000041
UART2_RxCompleteCallbackRegister@callbackHandler   cstackBANK0  000088
UART2_TransmitISR@tempTxTail                       cstackCOMRAM 000028
UART2_Write@tempTxHead                             cstackBANK0  000088
UART2_Write@txData                                 cstackBANK0  000089
UART_executeCommand@command                        cstackCOMRAM 00003F
_ANSELA                                            (abs)        003A40
_ANSELB                                            (abs)        003A50
_ANSELC                                            (abs)        003A60
_ANSELD                                            (abs)        003A70
_ANSELE                                            (abs)        003A80
_CLOCK_Initialize                                  text19       002C9C
_INLVLA                                            (abs)        003A44
_INLVLB                                            (abs)        003A54
_INLVLC                                            (abs)        003A64
_INLVLD                                            (abs)        003A74
_INLVLE                                            (abs)        003A84
_INT0_DefaultInterruptHandler                      (abs)        000000
_INT0_InterruptHandler                             bssCOMRAM    000016
_INT0_SetInterruptHandler                          text18       002D0E
_INT1_DefaultInterruptHandler                      (abs)        000000
_INT1_InterruptHandler                             bssCOMRAM    000013
_INT1_SetInterruptHandler                          text17       002D00
_INT2_DefaultInterruptHandler                      (abs)        000000
_INT2_InterruptHandler                             bssCOMRAM    000010
_INT2_SetInterruptHandler                          text16       002CF2
_INTCON0bits                                       (abs)        003FD2
_INTERRUPT_Initialize                              text15       002A74
_INTERRUPT_InterruptManager                        text20       002572
_IOCAF                                             (abs)        003A47
_IOCAN                                             (abs)        003A46
_IOCAP                                             (abs)        003A45
_IOCBF                                             (abs)        003A57
_IOCBN                                             (abs)        003A56
_IOCBP                                             (abs)        003A55
_IOCCF                                             (abs)        003A67
_IOCCN                                             (abs)        003A66
_IOCCP                                             (abs)        003A65
_IOCEF                                             (abs)        003A87
_IOCEN                                             (abs)        003A86
_IOCEP                                             (abs)        003A85
_LATA                                              (abs)        003FBA
_LATB                                              (abs)        003FBB
_LATBbits                                          (abs)        003FBB
_LATC                                              (abs)        003FBC
_LATD                                              (abs)        003FBD
_LATE                                              (abs)        003FBE
_ODCONA                                            (abs)        003A42
_ODCONB                                            (abs)        003A52
_ODCONC                                            (abs)        003A62
_ODCOND                                            (abs)        003A72
_ODCONE                                            (abs)        003A82
_OSCCON1                                           (abs)        0039D9
_OSCCON3                                           (abs)        0039DB
_OSCEN                                             (abs)        0039DD
_OSCFRQ                                            (abs)        0039DF
_OSCTUNE                                           (abs)        0039DE
_PIE6bits                                          (abs)        003996
_PIN_MANAGER_Initialize                            text14       0024AA
_PIR1bits                                          (abs)        0039A1
_PIR5bits                                          (abs)        0039A5
_PIR6bits                                          (abs)        0039A6
_PIR7bits                                          (abs)        0039A7
_PORTB                                             (abs)        003FCB
_RB1I2C                                            (abs)        003A5A
_RB2I2C                                            (abs)        003A5B
_RC3I2C                                            (abs)        003A6A
_RC4I2C                                            (abs)        003A6B
_RD0I2C                                            (abs)        003A7A
_RD0PPS                                            (abs)        003A18
_RD1I2C                                            (abs)        003A7B
_SLRCONA                                           (abs)        003A43
_SLRCONB                                           (abs)        003A53
_SLRCONC                                           (abs)        003A63
_SLRCOND                                           (abs)        003A73
_SLRCONE                                           (abs)        003A83
_SYSTEM_Initialize                                 text9        002CE0
_TRISA                                             (abs)        003FC2
_TRISB                                             (abs)        003FC3
_TRISC                                             (abs)        003FC4
_TRISD                                             (abs)        003FC5
_TRISE                                             (abs)        003FC6
_U2BRGH                                            (abs)        003DDE
_U2BRGL                                            (abs)        003DDD
_U2CON0                                            (abs)        003DDA
_U2CON0bits                                        (abs)        003DDA
_U2CON1                                            (abs)        003DDB
_U2CON1bits                                        (abs)        003DDB
_U2CON2                                            (abs)        003DDC
_U2ERRIE                                           (abs)        003DE2
_U2ERRIR                                           (abs)        003DE1
_U2ERRIRbits                                       (abs)        003DE1
_U2FIFO                                            (abs)        003DDF
_U2P1L                                             (abs)        003DD4
_U2P2L                                             (abs)        003DD6
_U2P3L                                             (abs)        003DD8
_U2RXB                                             (abs)        003DD0
_U2RXPPS                                           (abs)        003AE8
_U2TXB                                             (abs)        003DD2
_U2UIR                                             (abs)        003DE0
_U2UIRbits                                         (abs)        003DE0
_UART2                                             smallconst   002001
_UART2_AutoBaudQuery                               (abs)        000000
_UART2_AutoBaudSet                                 (abs)        000000
_UART2_DefaultFramingErrorCallback                 text36       002D1E
_UART2_DefaultOverrunErrorCallback                 text35       002D1C
_UART2_DefaultParityErrorCallback                  (abs)        000000
_UART2_Deinitialize                                (abs)        000000
_UART2_ErrorGet                                    (abs)        000000
_UART2_FramingErrorCallbackRegister                text13       002BE2
_UART2_FramingErrorHandler                         bssCOMRAM    00000D
_UART2_Initialize                                  text10       002632
_UART2_IsRxReady                                   text34       002CCA
_UART2_IsTxDone                                    (abs)        000000
_UART2_IsTxReady                                   text7        002C28
_UART2_IsTxReady$intlevel0                         text7        002C32
_UART2_OverrunErrorCallbackRegister                text12       002BBE
_UART2_OverrunErrorHandler                         bssCOMRAM    00000A
_UART2_ParityErrorCallbackRegister                 text11       002B9A
_UART2_ParityErrorHandler                          bssCOMRAM    000007
_UART2_Read                                        text33       002B40
_UART2_ReceiveISR                                  text22       0020FA
_UART2_RxCompleteCallbackRegister                  text8        002B76
_UART2_RxCompleteInterruptHandler                  bssCOMRAM    000001
_UART2_RxInterruptHandler                          nvBANK0      00009F
_UART2_TransmitDisable                             (abs)        000000
_UART2_TransmitEnable                              (abs)        000000
_UART2_TransmitISR                                 text21       002B08
_UART2_TxCompleteCallbackRegister                  (abs)        000000
_UART2_TxCompleteInterruptHandler                  bssCOMRAM    000004
_UART2_TxInterruptHandler                          nvBANK0      0000A2
_UART2_Write                                       text6        002926
_UART2_Write$intlevel0                             text6        002930
_UART_ProcessCommand                               text23       00221C
_UART_executeCommand                               text24       0028C4
_WPUA                                              (abs)        003A41
_WPUB                                              (abs)        003A51
_WPUC                                              (abs)        003A61
_WPUD                                              (abs)        003A71
_WPUE                                              (abs)        003A81
__HRAM                                             (abs)        000000
__H__absolute__                                    __absolute__ 000000
__Habs1                                            abs1         000000
__Hbank0                                           bank0        000000
__Hbank1                                           bank1        000000
__Hbank10                                          bank10       000000
__Hbank11                                          bank11       000000
__Hbank12                                          bank12       000000
__Hbank13                                          bank13       000000
__Hbank14                                          bank14       000000
__Hbank15                                          bank15       000000
__Hbank16                                          bank16       000000
__Hbank17                                          bank17       000000
__Hbank18                                          bank18       000000
__Hbank19                                          bank19       000000
__Hbank2                                           bank2        000000
__Hbank20                                          bank20       000000
__Hbank21                                          bank21       000000
__Hbank22                                          bank22       000000
__Hbank23                                          bank23       000000
__Hbank24                                          bank24       000000
__Hbank25                                          bank25       000000
__Hbank26                                          bank26       000000
__Hbank27                                          bank27       000000
__Hbank28                                          bank28       000000
__Hbank29                                          bank29       000000
__Hbank3                                           bank3        000000
__Hbank30                                          bank30       000000
__Hbank31                                          bank31       000000
__Hbank4                                           bank4        000000
__Hbank5                                           bank5        000000
__Hbank6                                           bank6        000000
__Hbank7                                           bank7        000000
__Hbank8                                           bank8        000000
__Hbank9                                           bank9        000000
__Hbigbss                                          bigbss       000000
__Hbigdata                                         bigdata      000000
__Hbigram                                          bigram       000000
__Hbigsfr                                          bigsfr       000000
__Hbss                                             bss          000000
__HbssBANK0                                        bssBANK0     000000
__HbssBANK1                                        bssBANK1     000000
__HbssBANK2                                        bssBANK2     000000
__HbssCOMRAM                                       bssCOMRAM    000000
__Hcinit                                           cinit        000000
__Hclrtext                                         clrtext      000000
__Hcomram                                          comram       000000
__Hconfig                                          config       30000A
__Hconst                                           const        000000
__HcstackBANK0                                     cstackBANK0  000000
__HcstackCOMRAM                                    cstackCOMRAM 000000
__Hdata                                            data         000000
__Heeprom_data                                     eeprom_data  000000
__Hfarbss                                          farbss       000000
__Hfardata                                         fardata      000000
__Hheap                                            heap         000000
__Hibigdata                                        ibigdata     000000
__Hidata                                           idata        000000
__Hidloc                                           idloc        000000
__Hifardata                                        ifardata     000000
__Hinit                                            init         00001E
__Hintsave_regs                                    intsave_regs 000000
__Hirdata                                          irdata       000000
__Hivt0x8                                          ivt0x8       00001A
__Hmediumconst                                     mediumconst  000000
__HnvBANK0                                         nvBANK0      000000
__HnvFARRAM                                        nvFARRAM     000000
__Hnvbit                                           nvbit        000000
__Hnvrram                                          nvrram       000000
__Hparam                                           rparam       000000
__Hpowerup                                         powerup      000000
__Hram                                             ram          000000
__Hramtop                                          ramtop       002000
__Hrbit                                            rbit         000000
__Hrbss                                            rbss         000000
__Hrdata                                           rdata        000000
__Hreset_vec                                       reset_vec    000004
__Hrparam                                          rparam       000000
__Hsfr                                             sfr          000000
__Hsmallconst                                      smallconst   0020FA
__Hspace_0                                         (abs)        002D20
__Hspace_1                                         (abs)        000300
__Hspace_2                                         (abs)        000000
__Hspace_4                                         (abs)        60000A
__Hstack                                           stack        000000
__Hstruct                                          struct       000000
__Htemp                                            temp         000000
__Htext                                            text         000000
__Htext0                                           text0        000000
__Htext1                                           text1        000000
__Htext10                                          text10       000000
__Htext11                                          text11       000000
__Htext12                                          text12       000000
__Htext13                                          text13       000000
__Htext14                                          text14       000000
__Htext15                                          text15       000000
__Htext16                                          text16       000000
__Htext17                                          text17       000000
__Htext18                                          text18       000000
__Htext19                                          text19       000000
__Htext2                                           text2        000000
__Htext20                                          text20       000000
__Htext21                                          text21       000000
__Htext22                                          text22       000000
__Htext23                                          text23       000000
__Htext24                                          text24       000000
__Htext25                                          text25       000000
__Htext26                                          text26       000000
__Htext27                                          text27       000000
__Htext28                                          text28       000000
__Htext29                                          text29       000000
__Htext3                                           text3        000000
__Htext30                                          text30       000000
__Htext31                                          text31       000000
__Htext32                                          text32       000000
__Htext33                                          text33       000000
__Htext34                                          text34       000000
__Htext35                                          text35       000000
__Htext36                                          text36       000000
__Htext4                                           text4        000000
__Htext5                                           text5        000000
__Htext6                                           text6        000000
__Htext7                                           text7        000000
__Htext8                                           text8        000000
__Htext9                                           text9        000000
__LRAM                                             (abs)        000001
__L__absolute__                                    __absolute__ 000000
__Labs1                                            abs1         000000
__Lbank0                                           bank0        000000
__Lbank1                                           bank1        000000
__Lbank10                                          bank10       000000
__Lbank11                                          bank11       000000
__Lbank12                                          bank12       000000
__Lbank13                                          bank13       000000
__Lbank14                                          bank14       000000
__Lbank15                                          bank15       000000
__Lbank16                                          bank16       000000
__Lbank17                                          bank17       000000
__Lbank18                                          bank18       000000
__Lbank19                                          bank19       000000
__Lbank2                                           bank2        000000
__Lbank20                                          bank20       000000
__Lbank21                                          bank21       000000
__Lbank22                                          bank22       000000
__Lbank23                                          bank23       000000
__Lbank24                                          bank24       000000
__Lbank25                                          bank25       000000
__Lbank26                                          bank26       000000
__Lbank27                                          bank27       000000
__Lbank28                                          bank28       000000
__Lbank29                                          bank29       000000
__Lbank3                                           bank3        000000
__Lbank30                                          bank30       000000
__Lbank31                                          bank31       000000
__Lbank4                                           bank4        000000
__Lbank5                                           bank5        000000
__Lbank6                                           bank6        000000
__Lbank7                                           bank7        000000
__Lbank8                                           bank8        000000
__Lbank9                                           bank9        000000
__Lbigbss                                          bigbss       000000
__Lbigdata                                         bigdata      000000
__Lbigram                                          bigram       000000
__Lbigsfr                                          bigsfr       000000
__Lbss                                             bss          000000
__LbssBANK0                                        bssBANK0     000000
__LbssBANK1                                        bssBANK1     000000
__LbssBANK2                                        bssBANK2     000000
__LbssCOMRAM                                       bssCOMRAM    000000
__Lcinit                                           cinit        000000
__Lclrtext                                         clrtext      000000
__Lcomram                                          comram       000000
__Lconfig                                          config       000000
__Lconst                                           const        000000
__LcstackBANK0                                     cstackBANK0  000000
__LcstackCOMRAM                                    cstackCOMRAM 000000
__Ldata                                            data         000000
__Leeprom_data                                     eeprom_data  000000
__Lfarbss                                          farbss       000000
__Lfardata                                         fardata      000000
__Lheap                                            heap         000000
__Libigdata                                        ibigdata     000000
__Lidata                                           idata        000000
__Lidloc                                           idloc        000000
__Lifardata                                        ifardata     000000
__Linit                                            init         00001A
__Lintsave_regs                                    intsave_regs 000000
__Lirdata                                          irdata       000000
__Livt0x8                                          ivt0x8       000008
__Lmediumconst                                     mediumconst  000000
__LnvBANK0                                         nvBANK0      000000
__LnvFARRAM                                        nvFARRAM     000000
__Lnvbit                                           nvbit        000000
__Lnvrram                                          nvrram       000000
__Lparam                                           rparam       000000
__Lpowerup                                         powerup      000000
__Lram                                             ram          000000
__Lramtop                                          ramtop       002000
__Lrbit                                            rbit         000000
__Lrbss                                            rbss         000000
__Lrdata                                           rdata        000000
__Lreset_vec                                       reset_vec    000000
__Lrparam                                          rparam       000000
__Lsfr                                             sfr          000000
__Lsmallconst                                      smallconst   002000
__Lspace_0                                         (abs)        000000
__Lspace_1                                         (abs)        000000
__Lspace_2                                         (abs)        000000
__Lspace_4                                         (abs)        000000
__Lstack                                           stack        000000
__Lstruct                                          struct       000000
__Ltemp                                            temp         000000
__Ltext                                            text         000000
__Ltext0                                           text0        000000
__Ltext1                                           text1        000000
__Ltext10                                          text10       000000
__Ltext11                                          text11       000000
__Ltext12                                          text12       000000
__Ltext13                                          text13       000000
__Ltext14                                          text14       000000
__Ltext15                                          text15       000000
__Ltext16                                          text16       000000
__Ltext17                                          text17       000000
__Ltext18                                          text18       000000
__Ltext19                                          text19       000000
__Ltext2                                           text2        000000
__Ltext20                                          text20       000000
__Ltext21                                          text21       000000
__Ltext22                                          text22       000000
__Ltext23                                          text23       000000
__Ltext24                                          text24       000000
__Ltext25                                          text25       000000
__Ltext26                                          text26       000000
__Ltext27                                          text27       000000
__Ltext28                                          text28       000000
__Ltext29                                          text29       000000
__Ltext3                                           text3        000000
__Ltext30                                          text30       000000
__Ltext31                                          text31       000000
__Ltext32                                          text32       000000
__Ltext33                                          text33       000000
__Ltext34                                          text34       000000
__Ltext35                                          text35       000000
__Ltext36                                          text36       000000
__Ltext4                                           text4        000000
__Ltext5                                           text5        000000
__Ltext6                                           text6        000000
__Ltext7                                           text7        000000
__Ltext8                                           text8        000000
__Ltext9                                           text9        000000
__S0                                               (abs)        002D20
__S1                                               (abs)        000300
__S4                                               (abs)        000000
__S5                                               (abs)        000000
___heap_hi                                         (abs)        000000
___heap_lo                                         (abs)        000000
___inthi_sp                                        stack        000000
___inthi_stack_hi                                  stack        000000
___inthi_stack_lo                                  stack        000000
___intlo_sp                                        stack        000000
___intlo_stack_hi                                  stack        000000
___intlo_stack_lo                                  stack        000000
___param_bank                                      (abs)        000000
___rparam_used                                     (abs)        000001
___sp                                              stack        000000
___stack_hi                                        stack        000000
___stack_lo                                        stack        000000
__accesstop                                        (abs)        000060
__activetblptr                                     (abs)        000003
__end_of_CLOCK_Initialize                          text19       002CB4
__end_of_INT0_SetInterruptHandler                  text18       002D1C
__end_of_INT1_SetInterruptHandler                  text17       002D0E
__end_of_INT2_SetInterruptHandler                  text16       002D00
__end_of_INTERRUPT_Initialize                      text15       002AC0
__end_of_INTERRUPT_InterruptManager                text20       002632
__end_of_PIN_MANAGER_Initialize                    text14       002572
__end_of_SYSTEM_Initialize                         text9        002CF2
__end_of_UART2                                     smallconst   002049
__end_of_UART2_DefaultFramingErrorCallback         text36       002D20
__end_of_UART2_DefaultOverrunErrorCallback         text35       002D1E
__end_of_UART2_FramingErrorCallbackRegister        text13       002C06
__end_of_UART2_Initialize                          text10       0026EC
__end_of_UART2_IsRxReady                           text34       002CE0
__end_of_UART2_IsTxReady                           text7        002C48
__end_of_UART2_OverrunErrorCallbackRegister        text12       002BE2
__end_of_UART2_ParityErrorCallbackRegister         text11       002BBE
__end_of_UART2_Read                                text33       002B76
__end_of_UART2_ReceiveISR                          text22       00221C
__end_of_UART2_RxCompleteCallbackRegister          text8        002B9A
__end_of_UART2_TransmitISR                         text21       002B40
__end_of_UART2_Write                               text6        002986
__end_of_UART_ProcessCommand                       text23       0022F8
__end_of_UART_executeCommand                       text24       002926
__end_of__initialization                           cinit        0029D2
__end_of_fputc                                     text4        0023D2
__end_of_main                                      text0        0028C4
__end_of_printf                                    text1        002C82
__end_of_putch                                     text5        002C28
__end_of_strcmp                                    text32       002856
__end_of_vfpfcnvrt                                 text3        00276A
__end_of_vfprintf                                  text2        002A74
__end_ofi2_UART2_IsTxReady                         text31       002CCA
__end_ofi2_UART2_Write                             text30       002A28
__end_ofi2_fputc                                   text28       0024AA
__end_ofi2_printf                                  text25       002C9C
__end_ofi2_putch                                   text29       002C66
__end_ofi2_vfpfcnvrt                               text27       0027E4
__end_ofi2_vfprintf                                text26       002B08
__initialization                                   cinit        002986
__mediumconst                                      mediumconst  000000
__pbssBANK0                                        bssBANK0     000060
__pbssBANK1                                        bssBANK1     000100
__pbssBANK2                                        bssBANK2     000200
__pbssCOMRAM                                       bssCOMRAM    000001
__pcinit                                           cinit        002986
__pcstackBANK0                                     cstackBANK0  000088
__pcstackCOMRAM                                    cstackCOMRAM 000028
__pivt0x8                                          ivt0x8       000008
__pnvBANK0                                         nvBANK0      00009F
__psmallconst                                      smallconst   002000
__ptext0                                           text0        002856
__ptext1                                           text1        002C66
__ptext10                                          text10       002632
__ptext11                                          text11       002B9A
__ptext12                                          text12       002BBE
__ptext13                                          text13       002BE2
__ptext14                                          text14       0024AA
__ptext15                                          text15       002A74
__ptext16                                          text16       002CF2
__ptext17                                          text17       002D00
__ptext18                                          text18       002D0E
__ptext19                                          text19       002C9C
__ptext2                                           text2        002A28
__ptext20                                          text20       002572
__ptext21                                          text21       002B08
__ptext22                                          text22       0020FA
__ptext23                                          text23       00221C
__ptext24                                          text24       0028C4
__ptext25                                          text25       002C82
__ptext26                                          text26       002AC0
__ptext27                                          text27       00276A
__ptext28                                          text28       0023D2
__ptext29                                          text29       002C48
__ptext3                                           text3        0026EC
__ptext30                                          text30       0029D8
__ptext31                                          text31       002CB4
__ptext32                                          text32       0027E4
__ptext33                                          text33       002B40
__ptext34                                          text34       002CCA
__ptext35                                          text35       002D1C
__ptext36                                          text36       002D1E
__ptext4                                           text4        0022F8
__ptext5                                           text5        002C06
__ptext6                                           text6        002926
__ptext7                                           text7        002C28
__ptext8                                           text8        002B76
__ptext9                                           text9        002CE0
__ramtop                                           ramtop       002000
__smallconst                                       smallconst   002000
_command                                           bssBANK0     000080
_flags                                             bssCOMRAM    00001F
_fputc                                             text4        0022F8
_index                                             bssCOMRAM    000021
_main                                              text0        002856
_prec                                              bssCOMRAM    00001B
_printf                                            text1        002C66
_putch                                             text5        002C06
_read_msg                                          bssCOMRAM    000020
_strcmp                                            text32       0027E4
_uart2RxBuffer                                     bssBANK1     000100
_uart2RxCount                                      bssCOMRAM    000022
_uart2RxHead                                       bssCOMRAM    000024
_uart2RxLastError                                  bssCOMRAM    00001D
_uart2RxStatusBuffer                               bssBANK2     000200
_uart2RxTail                                       bssCOMRAM    000023
_uart2TxBuffer                                     bssBANK1     000180
_uart2TxBufferRemaining                            bssCOMRAM    000025
_uart2TxHead                                       bssCOMRAM    000027
_uart2TxTail                                       bssCOMRAM    000026
_vfpfcnvrt                                         text3        0026EC
_vfprintf                                          text2        002A28
_width                                             bssCOMRAM    000019
end_of_initialization                              cinit        0029D2
fputc@c                                            cstackBANK0  00008B
fputc@fp                                           cstackBANK0  00008D
i2UART2_Write@tempTxHead                           cstackCOMRAM 000028
i2UART2_Write@txData                               cstackCOMRAM 000029
i2_UART2_IsTxReady                                 text31       002CB4
i2_UART2_Write                                     text30       0029D8
i2_fputc                                           text28       0023D2
i2_printf                                          text25       002C82
i2_putch                                           text29       002C48
i2_vfpfcnvrt                                       text27       00276A
i2_vfprintf                                        text26       002AC0
i2fputc@c                                          cstackCOMRAM 00002B
i2fputc@fp                                         cstackCOMRAM 00002D
i2printf@ap                                        cstackCOMRAM 00003E
i2printf@fmt                                       cstackCOMRAM 00003D
i2putch@txData                                     cstackCOMRAM 00002A
i2vfpfcnvrt@ap                                     cstackCOMRAM 000037
i2vfpfcnvrt@fmt                                    cstackCOMRAM 000036
i2vfpfcnvrt@fp                                     cstackCOMRAM 000034
i2vfprintf@ap                                      cstackCOMRAM 00003B
i2vfprintf@cfmt                                    cstackCOMRAM 00003C
i2vfprintf@fmt                                     cstackCOMRAM 00003A
i2vfprintf@fp                                      cstackCOMRAM 000038
intlevel0                                          text         000000
intlevel1                                          text         000000
intlevel2                                          text         000000
intlevel3                                          text         000000
isa$std                                            (abs)        000001
isa$xinst                                          (abs)        000000
ivt0x8_base                                        ivt0x8       000008
printf@ap                                          cstackBANK0  00009E
printf@fmt                                         cstackBANK0  00009D
putch@txData                                       cstackBANK0  00008A
stackhi                                            (abs)        000000
stacklo                                            (abs)        000000
start                                              init         00001A
start_initialization                               cinit        002986
strcmp@l                                           cstackCOMRAM 000028
strcmp@r                                           cstackCOMRAM 000029
vfpfcnvrt@ap                                       cstackBANK0  000097
vfpfcnvrt@fmt                                      cstackBANK0  000096
vfpfcnvrt@fp                                       cstackBANK0  000094
vfprintf@ap                                        cstackBANK0  00009B
vfprintf@cfmt                                      cstackBANK0  00009C
vfprintf@fmt                                       cstackBANK0  00009A
vfprintf@fp                                        cstackBANK0  000098


MODULE INFORMATION

Module		Function		Class		Link	Load	Size
C:\Program Files\Microchip\xc8\v2.46\pic\sources\c99\common\printf.c
		_printf        		CODE           	2C66	0000	28

C:\Program Files\Microchip\xc8\v2.46\pic\sources\c99\common\printf.c estimated size: 28

C:\Program Files\Microchip\xc8\v2.46\pic\sources\c99\common\nf_fputc.c
		_fputc         		CODE           	22F8	0000	218

C:\Program Files\Microchip\xc8\v2.46\pic\sources\c99\common\nf_fputc.c estimated size: 218

mcc_generated_files/system/src/interrupt.c
		_INT0_SetInterruptHandler		CODE           	2D0E	0000	14
		_INT1_SetInterruptHandler		CODE           	2D00	0000	14
		_INT2_SetInterruptHandler		CODE           	2CF2	0000	14
		_INTERRUPT_Initialize		CODE           	2A74	0000	76
		_INTERRUPT_InterruptManager		CODE           	2572	0000	192

mcc_generated_files/system/src/interrupt.c estimated size: 310

C:\Program Files\Microchip\xc8\v2.46\pic\sources\c99\common\strcmp.c
		_strcmp        		CODE           	27E4	0000	114

C:\Program Files\Microchip\xc8\v2.46\pic\sources\c99\common\strcmp.c estimated size: 114

C:\Program Files\Microchip\xc8\v2.46\pic\sources\c99\common\doprnt.c
		_vfpfcnvrt     		CODE           	26EC	0000	126
		_vfprintf      		CODE           	2A28	0000	76

C:\Program Files\Microchip\xc8\v2.46\pic\sources\c99\common\doprnt.c estimated size: 202

mcc_generated_files/system/src/pins.c
		_PIN_MANAGER_Initialize		CODE           	24AA	0000	200

mcc_generated_files/system/src/pins.c estimated size: 200

shared
		i2_printf      		CODE           	2C82	0000	26
		i2_vfpfcnvrt   		CODE           	276A	0000	122
		i2_putch       		CODE           	2C48	0000	30
		i2_vfprintf    		CODE           	2AC0	0000	72
		i2_UART2_Write 		CODE           	29D8	0000	80
		__initialization		CODE           	2986	0000	76
		i2_UART2_IsTxReady		CODE           	2CB4	0000	22
		_UART2         		SMALLCONST     	2001	0000	72
		i2_fputc       		CODE           	23D2	0000	216

shared estimated size: 716

mcc_generated_files/system/src/clock.c
		_CLOCK_Initialize		CODE           	2C9C	0000	24

mcc_generated_files/system/src/clock.c estimated size: 24

main.c
		_UART_ProcessCommand		CODE           	221C	0000	220
		_main          		CODE           	2856	0000	110
		_UART_executeCommand		CODE           	28C4	0000	98

main.c estimated size: 428

mcc_generated_files/uart/src/uart2.c
		_UART2_TransmitISR		CODE           	2B08	0000	56
		_UART2_ParityErrorCallbackRegister		CODE           	2B9A	0000	36
		_putch         		CODE           	2C06	0000	34
		_UART2_DefaultOverrunErrorCallback		CODE           	2D1C	0000	2
		_UART2_RxCompleteCallbackRegister		CODE           	2B76	0000	36
		_UART2_IsRxReady		CODE           	2CCA	0000	22
		_UART2_IsTxReady		CODE           	2C28	0000	32
		_UART2_Write   		CODE           	2926	0000	96
		_UART2_FramingErrorCallbackRegister		CODE           	2BE2	0000	36
		_UART2_OverrunErrorCallbackRegister		CODE           	2BBE	0000	36
		_UART2_ReceiveISR		CODE           	20FA	0000	290
		_UART2_Initialize		CODE           	2632	0000	186
		_UART2_Read    		CODE           	2B40	0000	54
		_UART2_DefaultFramingErrorCallback		CODE           	2D1E	0000	2

mcc_generated_files/uart/src/uart2.c estimated size: 918

mcc_generated_files/system/src/system.c
		_SYSTEM_Initialize		CODE           	2CE0	0000	18

mcc_generated_files/system/src/system.c estimated size: 18

